Archive member included to satisfy reference by file (symbol)

.build/obj_draculad_sadekbaroudi/quantum/split_common/transport.a(transport.o)
                              .build/obj_draculad_sadekbaroudi/quantum/split_common/split_util.o (symbol from plugin) (transport_master_init)
.build/obj_draculad_sadekbaroudi/serial.a(serial.o)
                              .build/obj_draculad_sadekbaroudi/quantum/split_common/transport.a(transport.o) (soft_serial_initiator_init)
/usr/lib/gcc/avr/5.4.0/avr5/libgcc.a(_exit.o)
                              /usr/lib/gcc/avr/5.4.0/../../../avr/lib/avr5/crtatmega32u4.o (exit)
/usr/lib/gcc/avr/5.4.0/avr5/libgcc.a(_copy_data.o)
                              .build/obj_draculad_sadekbaroudi/quantum/split_common/transport.a(transport.o) (__do_copy_data)
/usr/lib/gcc/avr/5.4.0/avr5/libgcc.a(_clear_bss.o)
                              .build/obj_draculad_sadekbaroudi/quantum/split_common/transport.a(transport.o) (__do_clear_bss)
/usr/lib/gcc/avr/5.4.0/../../../avr/lib/avr5/libc.a(rand.o)
                              .build/obj_draculad_sadekbaroudi/quantum/rgblight.o (symbol from plugin) (rand)
/usr/lib/gcc/avr/5.4.0/../../../avr/lib/avr5/libc.a(memcpy_P.o)
                              .build/obj_draculad_sadekbaroudi/quantum/rgblight.o (symbol from plugin) (memcpy_P)
/usr/lib/gcc/avr/5.4.0/../../../avr/lib/avr5/libatmega32u4.a(eerd_byte.o)
                              .build/obj_draculad_sadekbaroudi/common/eeconfig.o (symbol from plugin) (eeprom_read_byte)
/usr/lib/gcc/avr/5.4.0/../../../avr/lib/avr5/libatmega32u4.a(eerd_dword.o)
                              .build/obj_draculad_sadekbaroudi/quantum/rgblight.o (symbol from plugin) (eeprom_read_dword)
/usr/lib/gcc/avr/5.4.0/../../../avr/lib/avr5/libatmega32u4.a(eerd_word.o)
                              .build/obj_draculad_sadekbaroudi/common/eeconfig.o (symbol from plugin) (eeprom_read_word)
/usr/lib/gcc/avr/5.4.0/../../../avr/lib/avr5/libatmega32u4.a(eeupd_byte.o)
                              .build/obj_draculad_sadekbaroudi/common/eeconfig.o (symbol from plugin) (eeprom_update_byte)
/usr/lib/gcc/avr/5.4.0/../../../avr/lib/avr5/libatmega32u4.a(eeupd_dword.o)
                              .build/obj_draculad_sadekbaroudi/quantum/rgblight.o (symbol from plugin) (eeprom_update_dword)
/usr/lib/gcc/avr/5.4.0/../../../avr/lib/avr5/libatmega32u4.a(eeupd_word.o)
                              .build/obj_draculad_sadekbaroudi/common/eeconfig.o (symbol from plugin) (eeprom_update_word)
/usr/lib/gcc/avr/5.4.0/../../../avr/lib/avr5/libatmega32u4.a(eerd_block.o)
                              /usr/lib/gcc/avr/5.4.0/../../../avr/lib/avr5/libatmega32u4.a(eerd_dword.o) (eeprom_read_blraw)
/usr/lib/gcc/avr/5.4.0/avr5/libgcc.a(_divmodsi4.o)
                              /usr/lib/gcc/avr/5.4.0/../../../avr/lib/avr5/libc.a(rand.o) (__divmodsi4)
/usr/lib/gcc/avr/5.4.0/avr5/libgcc.a(_negsi2.o)
                              /usr/lib/gcc/avr/5.4.0/avr5/libgcc.a(_divmodsi4.o) (__negsi2)
/usr/lib/gcc/avr/5.4.0/avr5/libgcc.a(_muluhisi3.o)
                              /usr/lib/gcc/avr/5.4.0/../../../avr/lib/avr5/libc.a(rand.o) (__muluhisi3)
/usr/lib/gcc/avr/5.4.0/avr5/libgcc.a(_mulshisi3.o)
                              /usr/lib/gcc/avr/5.4.0/../../../avr/lib/avr5/libc.a(rand.o) (__mulohisi3)
/usr/lib/gcc/avr/5.4.0/avr5/libgcc.a(_udivmodsi4.o)
                              /usr/lib/gcc/avr/5.4.0/avr5/libgcc.a(_divmodsi4.o) (__udivmodsi4)
/usr/lib/gcc/avr/5.4.0/avr5/libgcc.a(_umulhisi3.o)
                              /usr/lib/gcc/avr/5.4.0/avr5/libgcc.a(_muluhisi3.o) (__umulhisi3)
/usr/lib/gcc/avr/5.4.0/avr5/libgcc.a(_udivmodqi4.o)
                              /tmp/ccbVfOE8.ltrans3.ltrans.o (__udivmodqi4)
/usr/lib/gcc/avr/5.4.0/avr5/libgcc.a(_udivmodhi4.o)
                              /tmp/ccbVfOE8.ltrans1.ltrans.o (__udivmodhi4)
/usr/lib/gcc/avr/5.4.0/avr5/libgcc.a(_divmodhi4.o)
                              /tmp/ccbVfOE8.ltrans1.ltrans.o (__divmodhi4)
/usr/lib/gcc/avr/5.4.0/avr5/libgcc.a(_tablejump2.o)
                              /tmp/ccbVfOE8.ltrans0.ltrans.o (__tablejump2__)
/usr/lib/gcc/avr/5.4.0/../../../avr/lib/avr5/libc.a(memchr.o)
                              /tmp/ccbVfOE8.ltrans1.ltrans.o (memchr)

Allocating common symbols
Common symbol       size              file

USB_IsInitialized   0x1               .build/obj_draculad_sadekbaroudi/lib/lufa/LUFA/Drivers/USB/Core/USBTask.o (symbol from plugin)
USB_Device_ConfigurationNumber
                    0x1               .build/obj_draculad_sadekbaroudi/lib/lufa/LUFA/Drivers/USB/Core/DeviceStandardReq.o (symbol from plugin)
has_initialized     0x1               .build/obj_draculad_sadekbaroudi/rgb_stuff.o (symbol from plugin)
USB_Device_CurrentlySelfPowered
                    0x1               .build/obj_draculad_sadekbaroudi/lib/lufa/LUFA/Drivers/USB/Core/DeviceStandardReq.o (symbol from plugin)
[...]
Memory Configuration

Name             Origin             Length             Attributes
text             0x0000000000000000 0x0000000000020000 xr
data             0x0000000000800060 0x000000000000ffa0 rw !x
eeprom           0x0000000000810000 0x0000000000010000 rw !x
fuse             0x0000000000820000 0x0000000000000003 rw !x
lock             0x0000000000830000 0x0000000000000400 rw !x
signature        0x0000000000840000 0x0000000000000400 rw !x
user_signatures  0x0000000000850000 0x0000000000000400 rw !x
*default*        0x0000000000000000 0xffffffffffffffff

Linker script and memory map

Address of section .data set to 0x800100
LOAD /usr/lib/gcc/avr/5.4.0/../../../avr/lib/avr5/crtatmega32u4.o
LOAD .build/obj_draculad_sadekbaroudi/sadekbaroudi.o
LOAD /tmp/ccbVfOE8.ltrans0.ltrans.o
LOAD /tmp/ccbVfOE8.ltrans1.ltrans.o
LOAD /tmp/ccbVfOE8.ltrans2.ltrans.o
LOAD /tmp/ccbVfOE8.ltrans3.ltrans.o
LOAD /tmp/ccbVfOE8.ltrans4.ltrans.o
LOAD /tmp/ccbVfOE8.ltrans5.ltrans.o
LOAD /tmp/ccbVfOE8.ltrans6.ltrans.o
LOAD .build/obj_draculad_sadekbaroudi/process_records.o
LOAD .build/obj_draculad_sadekbaroudi/rgb_stuff.o
LOAD .build/obj_draculad_sadekbaroudi/encoder_stuff.o
LOAD .build/obj_draculad_sadekbaroudi/casemodes.o
LOAD .build/obj_draculad_sadekbaroudi/combos.o
LOAD .build/obj_draculad_sadekbaroudi/keyboards/draculad/draculad.o
LOAD .build/obj_draculad_sadekbaroudi/keyboards/draculad/keymaps/sadekbaroudi/keymap.o
LOAD .build/obj_draculad_sadekbaroudi/quantum/quantum.o
LOAD .build/obj_draculad_sadekbaroudi/quantum/send_string.o
LOAD .build/obj_draculad_sadekbaroudi/quantum/bitwise.o
LOAD .build/obj_draculad_sadekbaroudi/quantum/led.o
LOAD .build/obj_draculad_sadekbaroudi/quantum/keymap_common.o
LOAD .build/obj_draculad_sadekbaroudi/quantum/keycode_config.o
LOAD .build/obj_draculad_sadekbaroudi/quantum/bootmagic/magic.o
LOAD .build/obj_draculad_sadekbaroudi/quantum/matrix_common.o
LOAD .build/obj_draculad_sadekbaroudi/quantum/split_common/matrix.o
LOAD .build/obj_draculad_sadekbaroudi/quantum/debounce/sym_defer_g.o
LOAD .build/obj_draculad_sadekbaroudi/quantum/split_common/split_util.o
LOAD .build/obj_draculad_sadekbaroudi/quantum/mousekey.o
LOAD .build/obj_draculad_sadekbaroudi/quantum/color.o
LOAD .build/obj_draculad_sadekbaroudi/quantum/rgblight.o
LOAD .build/obj_draculad_sadekbaroudi/quantum/process_keycode/process_rgb.o
LOAD .build/obj_draculad_sadekbaroudi/ws2812.o
LOAD .build/obj_draculad_sadekbaroudi/quantum/led_tables.o
LOAD .build/obj_draculad_sadekbaroudi/quantum/encoder.o
LOAD .build/obj_draculad_sadekbaroudi/quantum/process_keycode/process_magic.o
LOAD .build/obj_draculad_sadekbaroudi/quantum/process_keycode/process_combo.o
LOAD .build/obj_draculad_sadekbaroudi/quantum/split_common/transport.a
LOAD .build/obj_draculad_sadekbaroudi/i2c_master.a
LOAD .build/obj_draculad_sadekbaroudi/i2c_slave.a
LOAD .build/obj_draculad_sadekbaroudi/serial.a
LOAD .build/obj_draculad_sadekbaroudi/common/host.o
LOAD .build/obj_draculad_sadekbaroudi/common/keyboard.o
LOAD .build/obj_draculad_sadekbaroudi/common/action.o
LOAD .build/obj_draculad_sadekbaroudi/common/action_tapping.o
LOAD .build/obj_draculad_sadekbaroudi/common/action_macro.o
LOAD .build/obj_draculad_sadekbaroudi/common/action_layer.o
LOAD .build/obj_draculad_sadekbaroudi/common/action_util.o
LOAD .build/obj_draculad_sadekbaroudi/common/debug.o
LOAD .build/obj_draculad_sadekbaroudi/common/sendchar_null.o
LOAD .build/obj_draculad_sadekbaroudi/common/eeconfig.o
LOAD .build/obj_draculad_sadekbaroudi/common/report.o
LOAD .build/obj_draculad_sadekbaroudi/common/usb_util.o
LOAD .build/obj_draculad_sadekbaroudi/common/avr/suspend.o
LOAD .build/obj_draculad_sadekbaroudi/common/avr/timer.o
LOAD .build/obj_draculad_sadekbaroudi/common/sync_timer.o
LOAD .build/obj_draculad_sadekbaroudi/common/avr/bootloader.o
LOAD .build/obj_draculad_sadekbaroudi/common/avr/xprintf.o
LOAD .build/obj_draculad_sadekbaroudi/common/avr/printf.o
LOAD .build/obj_draculad_sadekbaroudi/lufa.o
LOAD .build/obj_draculad_sadekbaroudi/usb_descriptor.o
LOAD .build/obj_draculad_sadekbaroudi/lib/lufa/LUFA/Drivers/USB/Class/Common/HIDParser.o
LOAD .build/obj_draculad_sadekbaroudi/lib/lufa/LUFA/Drivers/USB/Core/AVR8/Device_AVR8.o
LOAD .build/obj_draculad_sadekbaroudi/lib/lufa/LUFA/Drivers/USB/Core/AVR8/EndpointStream_AVR8.o
LOAD .build/obj_draculad_sadekbaroudi/lib/lufa/LUFA/Drivers/USB/Core/AVR8/Endpoint_AVR8.o
LOAD .build/obj_draculad_sadekbaroudi/lib/lufa/LUFA/Drivers/USB/Core/AVR8/Host_AVR8.o
LOAD .build/obj_draculad_sadekbaroudi/lib/lufa/LUFA/Drivers/USB/Core/AVR8/PipeStream_AVR8.o
LOAD .build/obj_draculad_sadekbaroudi/lib/lufa/LUFA/Drivers/USB/Core/AVR8/Pipe_AVR8.o
LOAD .build/obj_draculad_sadekbaroudi/lib/lufa/LUFA/Drivers/USB/Core/AVR8/USBController_AVR8.o
LOAD .build/obj_draculad_sadekbaroudi/lib/lufa/LUFA/Drivers/USB/Core/AVR8/USBInterrupt_AVR8.o
LOAD .build/obj_draculad_sadekbaroudi/lib/lufa/LUFA/Drivers/USB/Core/ConfigDescriptors.o
LOAD .build/obj_draculad_sadekbaroudi/lib/lufa/LUFA/Drivers/USB/Core/DeviceStandardReq.o
LOAD .build/obj_draculad_sadekbaroudi/lib/lufa/LUFA/Drivers/USB/Core/Events.o
LOAD .build/obj_draculad_sadekbaroudi/lib/lufa/LUFA/Drivers/USB/Core/HostStandardReq.o
LOAD .build/obj_draculad_sadekbaroudi/lib/lufa/LUFA/Drivers/USB/Core/USBTask.o
LOAD .build/obj_draculad_sadekbaroudi/protocol/lufa/usb_util.o
LOAD /usr/lib/gcc/avr/5.4.0/../../../avr/lib/avr5/libm.a
START GROUP
LOAD /usr/lib/gcc/avr/5.4.0/avr5/libgcc.a
LOAD /usr/lib/gcc/avr/5.4.0/../../../avr/lib/avr5/libm.a
LOAD /usr/lib/gcc/avr/5.4.0/../../../avr/lib/avr5/libc.a
LOAD /usr/lib/gcc/avr/5.4.0/../../../avr/lib/avr5/libatmega32u4.a
END GROUP
                0x0000000000000000                __TEXT_REGION_ORIGIN__ = DEFINED (__TEXT_REGION_ORIGIN__)?__TEXT_REGION_ORIGIN__:0x0
                0x0000000000800060                __DATA_REGION_ORIGIN__ = DEFINED (__DATA_REGION_ORIGIN__)?__DATA_REGION_ORIGIN__:0x800060
                0x0000000000020000                __TEXT_REGION_LENGTH__ = DEFINED (__TEXT_REGION_LENGTH__)?__TEXT_REGION_LENGTH__:0x20000
                0x000000000000ffa0                __DATA_REGION_LENGTH__ = DEFINED (__DATA_REGION_LENGTH__)?__DATA_REGION_LENGTH__:0xffa0
                0x0000000000010000                __EEPROM_REGION_LENGTH__ = DEFINED (__EEPROM_REGION_LENGTH__)?__EEPROM_REGION_LENGTH__:0x10000
                [0x0000000000000003]                __FUSE_REGION_LENGTH__ = DEFINED (__FUSE_REGION_LENGTH__)?__FUSE_REGION_LENGTH__:0x400
                0x0000000000000400                __LOCK_REGION_LENGTH__ = DEFINED (__LOCK_REGION_LENGTH__)?__LOCK_REGION_LENGTH__:0x400
                0x0000000000000400                __SIGNATURE_REGION_LENGTH__ = DEFINED (__SIGNATURE_REGION_LENGTH__)?__SIGNATURE_REGION_LENGTH__:0x400
                0x0000000000000400                __USER_SIGNATURE_REGION_LENGTH__ = DEFINED (__USER_SIGNATURE_REGION_LENGTH__)?__USER_SIGNATURE_REGION_LENGTH__:0x400

.hash
 *(.hash)

.dynsym
 *(.dynsym)

.dynstr
 *(.dynstr)

.gnu.version
 *(.gnu.version)

.gnu.version_d
 *(.gnu.version_d)

.gnu.version_r
 *(.gnu.version_r)

.rel.init
 *(.rel.init)

.rela.init
 *(.rela.init)

.rel.text
 *(.rel.text)
 *(.rel.text.*)
 *(.rel.gnu.linkonce.t*)

.rela.text
 *(.rela.text)
 *(.rela.text.*)
 *(.rela.gnu.linkonce.t*)

.rel.fini
 *(.rel.fini)

.rela.fini
 *(.rela.fini)

.rel.rodata
 *(.rel.rodata)
 *(.rel.rodata.*)
 *(.rel.gnu.linkonce.r*)

.rela.rodata
 *(.rela.rodata)
 *(.rela.rodata.*)
 *(.rela.gnu.linkonce.r*)

.rel.data
 *(.rel.data)
 *(.rel.data.*)
 *(.rel.gnu.linkonce.d*)

.rela.data
 *(.rela.data)
 *(.rela.data.*)
 *(.rela.gnu.linkonce.d*)

.rel.ctors
 *(.rel.ctors)

.rela.ctors
 *(.rela.ctors)

.rel.dtors
 *(.rel.dtors)

.rela.dtors
 *(.rela.dtors)

.rel.got
 *(.rel.got)

.rela.got
 *(.rela.got)

.rel.bss
 *(.rel.bss)

.rela.bss
 *(.rela.bss)

.rel.plt
 *(.rel.plt)

.rela.plt
 *(.rela.plt)

.text           0x0000000000000000     0x6134
 *(.vectors)
 .vectors       0x0000000000000000       0xac /usr/lib/gcc/avr/5.4.0/../../../avr/lib/avr5/crtatmega32u4.o
                0x0000000000000000                __vectors
                0x0000000000000000                __vector_default
 *(.vectors)
 *(.progmem.gcc*)
 .progmem.gcc_sw_table.process_record
                0x00000000000000ac       0x26 /tmp/ccbVfOE8.ltrans0.ltrans.o
 .progmem.gcc_sw_table.layer_state_set_rgb_light
                0x00000000000000d2       0x12 /tmp/ccbVfOE8.ltrans1.ltrans.o
 .progmem.gcc_sw_table.USB_Device_ProcessControlRequest
                0x00000000000000e4       0x14 /tmp/ccbVfOE8.ltrans4.ltrans.o
 .progmem.gcc_sw_table.is_tap_key
                0x00000000000000f8       0x1c /tmp/ccbVfOE8.ltrans5.ltrans.o
                0x0000000000000114                . = ALIGN (0x2)
                0x0000000000000114                __trampolines_start = .
 *(.trampolines)
 .trampolines   0x0000000000000114        0x0 linker stubs
 *(.trampolines*)
                0x0000000000000114                __trampolines_end = .
 *libprintf_flt.a:*(.progmem.data)
 *libc.a:*(.progmem.data)
 *(.progmem*)
 .progmem.data.tab_combo
                0x0000000000000114        0x6 /tmp/ccbVfOE8.ltrans0.ltrans.o
 .progmem.data.semicolon_combo
                0x000000000000011a        0x6 /tmp/ccbVfOE8.ltrans0.ltrans.o
 .progmem.data.q_combo
                0x0000000000000120        0x6 /tmp/ccbVfOE8.ltrans0.ltrans.o
 .progmem.data.apostrophe_combo
                0x0000000000000126        0x6 /tmp/ccbVfOE8.ltrans0.ltrans.o
 .progmem.data.backspace_combo
                0x000000000000012c        0x6 /tmp/ccbVfOE8.ltrans0.ltrans.o
 .progmem.data.delete_combo
                0x0000000000000132        0x6 /tmp/ccbVfOE8.ltrans0.ltrans.o
 .progmem.data.redo_combo
                0x0000000000000138        0x6 /tmp/ccbVfOE8.ltrans0.ltrans.o
 .progmem.data.undo_combo
                0x000000000000013e        0x6 /tmp/ccbVfOE8.ltrans0.ltrans.o
 .progmem.data.__c.4350
                0x0000000000000144       0x18 /tmp/ccbVfOE8.ltrans0.ltrans.o
 .progmem.data.__c.4347
                0x000000000000015c       0x1e /tmp/ccbVfOE8.ltrans0.ltrans.o
 .progmem.data.__c.4344
                0x000000000000017a       0x17 /tmp/ccbVfOE8.ltrans0.ltrans.o
 .progmem.data.__c.4342
                0x0000000000000191        0x4 /tmp/ccbVfOE8.ltrans0.ltrans.o
 .progmem.data.__c.4339
                0x0000000000000195       0x14 /tmp/ccbVfOE8.ltrans0.ltrans.o
 .progmem.data.__c.4337
                0x00000000000001a9        0x4 /tmp/ccbVfOE8.ltrans0.ltrans.o
 .progmem.data.__c.4334
                0x00000000000001ad        0x7 /tmp/ccbVfOE8.ltrans0.ltrans.o
 .progmem.data.__c.4331
                0x00000000000001b4        0x8 /tmp/ccbVfOE8.ltrans0.ltrans.o
 .progmem.data.__c.4328
                0x00000000000001bc        0x3 /tmp/ccbVfOE8.ltrans0.ltrans.o
 .progmem.data.__c.4325
                0x00000000000001bf        0x6 /tmp/ccbVfOE8.ltrans0.ltrans.o
 .progmem.data.__c.4322
                0x00000000000001c5        0x6 /tmp/ccbVfOE8.ltrans0.ltrans.o
 .progmem.data.__c.4319
                0x00000000000001cb        0x6 /tmp/ccbVfOE8.ltrans0.ltrans.o
 .progmem.data.__c.4316
                0x00000000000001d1        0x6 /tmp/ccbVfOE8.ltrans0.ltrans.o
 .progmem.data.__c.4313
                0x00000000000001d7       0x17 /tmp/ccbVfOE8.ltrans0.ltrans.o
 .progmem.data.__c.4310
                0x00000000000001ee        0xf /tmp/ccbVfOE8.ltrans0.ltrans.o
 .progmem.data.__c.4307
                0x00000000000001fd        0xb /tmp/ccbVfOE8.ltrans0.ltrans.o
 .progmem.data.__c.4295
                0x0000000000000208       0x51 /tmp/ccbVfOE8.ltrans0.ltrans.o
 .progmem.data.__c.4292
                0x0000000000000259        0x4 /tmp/ccbVfOE8.ltrans0.ltrans.o
 .progmem.data.__c.4290
                0x000000000000025d       0x1e /tmp/ccbVfOE8.ltrans0.ltrans.o
 .progmem.data.__c.4288
                0x000000000000027b        0xa /tmp/ccbVfOE8.ltrans0.ltrans.o
 .progmem.data.__c.4286
                0x0000000000000285        0x8 /tmp/ccbVfOE8.ltrans0.ltrans.o
 .progmem.data.__c.4284
                0x000000000000028d        0x4 /tmp/ccbVfOE8.ltrans0.ltrans.o
 .progmem.data.keymaps
                0x0000000000000291      0x2d0 /tmp/ccbVfOE8.ltrans0.ltrans.o
                0x0000000000000291                keymaps
 .progmem.data.ascii_to_dead_lut
                0x0000000000000561       0x10 /tmp/ccbVfOE8.ltrans1.ltrans.o
 .progmem.data.ascii_to_altgr_lut
                0x0000000000000571       0x10 /tmp/ccbVfOE8.ltrans1.ltrans.o
 .progmem.data.ascii_to_shift_lut
                0x0000000000000581       0x10 /tmp/ccbVfOE8.ltrans1.ltrans.o
 .progmem.data.ascii_to_keycode_lut
                0x0000000000000591       0x80 /tmp/ccbVfOE8.ltrans1.ltrans.o
 .progmem.data.fn_actions
                0x0000000000000611        0x0 /tmp/ccbVfOE8.ltrans1.ltrans.o
 .progmem.data.CIE1931_CURVE
                0x0000000000000611      0x100 /tmp/ccbVfOE8.ltrans1.ltrans.o
 .progmem.data.RGBLED_GRADIENT_RANGES
                0x0000000000000711        0x5 /tmp/ccbVfOE8.ltrans1.ltrans.o
 .progmem.data.rgblight_effect_breathe_table
                0x0000000000000716      0x100 /tmp/ccbVfOE8.ltrans2.ltrans.o
 .progmem.data.RGBLED_TWINKLE_INTERVALS
                0x0000000000000816        0x3 /tmp/ccbVfOE8.ltrans3.ltrans.o
 .progmem.data.RGBLED_RAINBOW_SWIRL_INTERVALS
                0x0000000000000819        0x3 /tmp/ccbVfOE8.ltrans3.ltrans.o
 .progmem.data.RGBLED_RAINBOW_MOOD_INTERVALS
                0x000000000000081c        0x3 /tmp/ccbVfOE8.ltrans3.ltrans.o
 .progmem.data.RGBLED_BREATHING_INTERVALS
                0x000000000000081f        0x4 /tmp/ccbVfOE8.ltrans3.ltrans.o
 .progmem.data.SharedReport
                0x0000000000000823       0x7b /tmp/ccbVfOE8.ltrans4.ltrans.o
 .progmem.data.KeyboardReport
                0x000000000000089e       0x40 /tmp/ccbVfOE8.ltrans4.ltrans.o
 .progmem.data.ConfigurationDescriptor
                0x00000000000008de       0x3b /tmp/ccbVfOE8.ltrans4.ltrans.o
 .progmem.data.DeviceDescriptor
                0x0000000000000919       0x12 /tmp/ccbVfOE8.ltrans4.ltrans.o
 .progmem.data.ProductString
                0x000000000000092b       0x14 /tmp/ccbVfOE8.ltrans4.ltrans.o
 .progmem.data.ManufacturerString
                0x000000000000093f       0x12 /tmp/ccbVfOE8.ltrans4.ltrans.o
 .progmem.data.LanguageString
                0x0000000000000951        0x4 /tmp/ccbVfOE8.ltrans4.ltrans.o
                0x0000000000000956                . = ALIGN (0x2)
 *fill*         0x0000000000000955        0x1 
 *(.jumptables)
 *(.jumptables*)
 *(.lowtext)
 *(.lowtext*)
                0x0000000000000956                __ctors_start = .
 *(.ctors)
                0x0000000000000956                __ctors_end = .
                0x0000000000000956                __dtors_start = .
 *(.dtors)
                0x0000000000000956                __dtors_end = .
 SORT(*)(.ctors)
 SORT(*)(.dtors)
 *(.init0)
 .init0         0x0000000000000956        0x0 /usr/lib/gcc/avr/5.4.0/../../../avr/lib/avr5/crtatmega32u4.o
                0x0000000000000956                __init
 *(.init0)
 *(.init1)
 *(.init1)
 *(.init2)
 .init2         0x0000000000000956        0xc /usr/lib/gcc/avr/5.4.0/../../../avr/lib/avr5/crtatmega32u4.o
 *(.init2)
 *(.init3)
 .init3         0x0000000000000962       0x54 /tmp/ccbVfOE8.ltrans3.ltrans.o
                0x0000000000000962                bootloader_jump_after_watchdog_reset
 *(.init3)
 *(.init4)
 .init4         0x00000000000009b6       0x16 /usr/lib/gcc/avr/5.4.0/avr5/libgcc.a(_copy_data.o)
                0x00000000000009b6                __do_copy_data
 .init4         0x00000000000009cc       0x10 /usr/lib/gcc/avr/5.4.0/avr5/libgcc.a(_clear_bss.o)
                0x00000000000009cc                __do_clear_bss
 *(.init4)
 *(.init5)
 *(.init5)
 *(.init6)
 *(.init6)
 *(.init7)
 *(.init7)
 *(.init8)
 *(.init8)
 *(.init9)
 .init9         0x00000000000009dc        0x8 /usr/lib/gcc/avr/5.4.0/../../../avr/lib/avr5/crtatmega32u4.o
 *(.init9)
 *(.text)
 .text          0x00000000000009e4        0x4 /usr/lib/gcc/avr/5.4.0/../../../avr/lib/avr5/crtatmega32u4.o
                0x00000000000009e4                __vector_38
                0x00000000000009e4                __vector_22
                0x00000000000009e4                __vector_28
                0x00000000000009e4                __vector_1
                0x00000000000009e4                __vector_32
                0x00000000000009e4                __vector_34
                0x00000000000009e4                __vector_24
                0x00000000000009e4                __bad_interrupt
                0x00000000000009e4                __vector_6
                0x00000000000009e4                __vector_31
                0x00000000000009e4                __vector_35
                0x00000000000009e4                __vector_39
                0x00000000000009e4                __vector_23
                0x00000000000009e4                __vector_30
                0x00000000000009e4                __vector_25
                0x00000000000009e4                __vector_13
                0x00000000000009e4                __vector_17
                0x00000000000009e4                __vector_19
                0x00000000000009e4                __vector_7
                0x00000000000009e4                __vector_41
                0x00000000000009e4                __vector_27
                0x00000000000009e4                __vector_5
                0x00000000000009e4                __vector_33
                0x00000000000009e4                __vector_37
                0x00000000000009e4                __vector_4
                0x00000000000009e4                __vector_9
                0x00000000000009e4                __vector_2
                0x00000000000009e4                __vector_15
                0x00000000000009e4                __vector_36
                0x00000000000009e4                __vector_29
                0x00000000000009e4                __vector_40
                0x00000000000009e4                __vector_8
                0x00000000000009e4                __vector_26
                0x00000000000009e4                __vector_14
                0x00000000000009e4                __vector_16
                0x00000000000009e4                __vector_18
                0x00000000000009e4                __vector_20
                0x00000000000009e4                __vector_42
                0x00000000000009e8                . = ALIGN (0x2)
 *(.text.*)
 .text.process_record
                0x00000000000009e8     0x1468 /tmp/ccbVfOE8.ltrans0.ltrans.o
                0x00000000000009e8                process_record
 .text.do_code16
                0x0000000000001e50       0x5a /tmp/ccbVfOE8.ltrans1.ltrans.o
 .text.rgblight_setrgb
                0x0000000000001eaa       0x22 /tmp/ccbVfOE8.ltrans1.ltrans.o
                0x0000000000001eaa                rgblight_setrgb
 .text.rgblight_check_config
                0x0000000000001ecc       0x26 /tmp/ccbVfOE8.ltrans1.ltrans.o
                0x0000000000001ecc                rgblight_check_config
 .text.eeconfig_update_rgblight
                0x0000000000001ef2       0x24 /tmp/ccbVfOE8.ltrans1.ltrans.o
 .text.rgblight_decrease_speed
                0x0000000000001f16       0x22 /tmp/ccbVfOE8.ltrans1.ltrans.o
                0x0000000000001f16                rgblight_decrease_speed
 .text.rgblight_increase_speed
                0x0000000000001f38       0x22 /tmp/ccbVfOE8.ltrans1.ltrans.o
                0x0000000000001f38                rgblight_increase_speed
 .text.eeconfig_update_rgblight_default
                0x0000000000001f5a       0x2e /tmp/ccbVfOE8.ltrans1.ltrans.o
                0x0000000000001f5a                eeconfig_update_rgblight_default
 .text.sethsv_raw
                0x0000000000001f88      0x12c /tmp/ccbVfOE8.ltrans1.ltrans.o
                0x0000000000001f88                sethsv_raw
 .text.rgblight_sethsv_eeprom_helper
                0x00000000000020b4      0x158 /tmp/ccbVfOE8.ltrans1.ltrans.o
                0x00000000000020b4                rgblight_sethsv_eeprom_helper
 .text.rgblight_decrease_val
                0x000000000000220c       0x18 /tmp/ccbVfOE8.ltrans1.ltrans.o
                0x000000000000220c                rgblight_decrease_val
 .text.rgblight_increase_val
                0x0000000000002224       0x18 /tmp/ccbVfOE8.ltrans1.ltrans.o
                0x0000000000002224                rgblight_increase_val
 .text.rgblight_decrease_sat
                0x000000000000223c       0x18 /tmp/ccbVfOE8.ltrans1.ltrans.o
                0x000000000000223c                rgblight_decrease_sat
 .text.rgblight_increase_sat
                0x0000000000002254       0x18 /tmp/ccbVfOE8.ltrans1.ltrans.o
                0x0000000000002254                rgblight_increase_sat
 .text.rgblight_decrease_hue
                0x000000000000226c       0x12 /tmp/ccbVfOE8.ltrans1.ltrans.o
                0x000000000000226c                rgblight_decrease_hue
 .text.rgblight_increase_hue
                0x000000000000227e       0x12 /tmp/ccbVfOE8.ltrans1.ltrans.o
                0x000000000000227e                rgblight_increase_hue
 .text.rgblight_sethsv_noeeprom_old
                0x0000000000002290       0x34 /tmp/ccbVfOE8.ltrans1.ltrans.o
                0x0000000000002290                rgblight_sethsv_noeeprom_old
 .text.mousekey_send
                0x00000000000022c4       0x54 /tmp/ccbVfOE8.ltrans1.ltrans.o
                0x00000000000022c4                mousekey_send
 .text.mousekey_off
                0x0000000000002318       0xee /tmp/ccbVfOE8.ltrans1.ltrans.o
                0x0000000000002318                mousekey_off
 .text.wheel_unit.lto_priv.25
                0x0000000000002406       0x44 /tmp/ccbVfOE8.ltrans1.ltrans.o
                0x0000000000002406                wheel_unit.lto_priv.25
 .text.move_unit.lto_priv.26
                0x000000000000244a       0x46 /tmp/ccbVfOE8.ltrans1.ltrans.o
                0x000000000000244a                move_unit.lto_priv.26
 .text.mousekey_on
                0x0000000000002490       0xb6 /tmp/ccbVfOE8.ltrans1.ltrans.o
                0x0000000000002490                mousekey_on
 .text.is_keyboard_master
                0x0000000000002546       0x46 /tmp/ccbVfOE8.ltrans1.ltrans.o
                0x0000000000002546                is_keyboard_master
 .text.setPinInputHigh_atomic.lto_priv.60
                0x000000000000258c       0x2e /tmp/ccbVfOE8.ltrans1.ltrans.o
                0x000000000000258c                setPinInputHigh_atomic.lto_priv.60
 .text.mod_config
                0x00000000000025ba       0x86 /tmp/ccbVfOE8.ltrans1.ltrans.o
                0x00000000000025ba                mod_config
 .text.action_for_key
                0x0000000000002640      0x37c /tmp/ccbVfOE8.ltrans1.ltrans.o
                0x0000000000002640                action_for_key
 .text.send_string_with_delay_P
                0x00000000000029bc      0x180 /tmp/ccbVfOE8.ltrans1.ltrans.o
                0x00000000000029bc                send_string_with_delay_P
 .text.send_string_P
                0x0000000000002b3c        0x6 /tmp/ccbVfOE8.ltrans1.ltrans.o
                0x0000000000002b3c                send_string_P
 .text.unregister_code16
                0x0000000000002b42       0x2c /tmp/ccbVfOE8.ltrans1.ltrans.o
                0x0000000000002b42                unregister_code16
 .text.register_code16
                0x0000000000002b6e       0x2c /tmp/ccbVfOE8.ltrans1.ltrans.o
                0x0000000000002b6e                register_code16
 .text.tap_code16
                0x0000000000002b9a       0x26 /tmp/ccbVfOE8.ltrans1.ltrans.o
                0x0000000000002b9a                tap_code16
 .text.place_delimiter.lto_priv.48
                0x0000000000002bc0       0x24 /tmp/ccbVfOE8.ltrans1.ltrans.o
                0x0000000000002bc0                place_delimiter.lto_priv.48
 .text.disable_caps_word
                0x0000000000002be4       0x14 /tmp/ccbVfOE8.ltrans1.ltrans.o
                0x0000000000002be4                disable_caps_word
 .text.rgb_set_user_config_from_current_values
                0x0000000000002bf8       0x4a /tmp/ccbVfOE8.ltrans1.ltrans.o
                0x0000000000002bf8                rgb_set_user_config_from_current_values
 .text.encoder_update_user
                0x0000000000002c42       0x3e /tmp/ccbVfOE8.ltrans1.ltrans.o
                0x0000000000002c42                encoder_update_user
 .text.rgblight_disable_noeeprom
                0x0000000000002c80       0x2e /tmp/ccbVfOE8.ltrans1.ltrans.o
                0x0000000000002c80                rgblight_disable_noeeprom
 .text.rgblight_disable
                0x0000000000002cae       0x3a /tmp/ccbVfOE8.ltrans1.ltrans.o
                0x0000000000002cae                rgblight_disable
 .text.rgblight_mode_eeprom_helper
                0x0000000000002ce8       0x80 /tmp/ccbVfOE8.ltrans1.ltrans.o
                0x0000000000002ce8                rgblight_mode_eeprom_helper
 .text.rgblight_enable_noeeprom
                0x0000000000002d68       0x12 /tmp/ccbVfOE8.ltrans1.ltrans.o
                0x0000000000002d68                rgblight_enable_noeeprom
 .text.rgblight_step_reverse
                0x0000000000002d7a       0x12 /tmp/ccbVfOE8.ltrans1.ltrans.o
                0x0000000000002d7a                rgblight_step_reverse
 .text.rgblight_step
                0x0000000000002d8c       0x14 /tmp/ccbVfOE8.ltrans1.ltrans.o
                0x0000000000002d8c                rgblight_step
 .text.rgblight_set_hsv_and_mode
                0x0000000000002da0       0x26 /tmp/ccbVfOE8.ltrans1.ltrans.o
                0x0000000000002da0                rgblight_set_hsv_and_mode
 .text.layer_state_set_rgb_light
                0x0000000000002dc6      0x15c /tmp/ccbVfOE8.ltrans1.ltrans.o
                0x0000000000002dc6                layer_state_set_rgb_light
 .text.layer_state_set_user
                0x0000000000002f22        0x4 /tmp/ccbVfOE8.ltrans1.ltrans.o
                0x0000000000002f22                layer_state_set_user
 .text.matrix_scan
                0x0000000000002f26      0x2fe /tmp/ccbVfOE8.ltrans1.ltrans.o
                0x0000000000002f26                matrix_scan
 .text.rgblight_effect_dummy.lto_priv.22
                0x0000000000003224        0x2 /tmp/ccbVfOE8.ltrans2.ltrans.o
                0x0000000000003224                rgblight_effect_dummy.lto_priv.22
 .text.rgblight_effect_rainbow_mood
                0x0000000000003226       0x20 /tmp/ccbVfOE8.ltrans2.ltrans.o
                0x0000000000003226                rgblight_effect_rainbow_mood
 .text.rgblight_effect_breathing
                0x0000000000003246       0x28 /tmp/ccbVfOE8.ltrans2.ltrans.o
                0x0000000000003246                rgblight_effect_breathing
 .text.action_exec
                0x000000000000326e      0x13c /tmp/ccbVfOE8.ltrans2.ltrans.o
                0x000000000000326e                action_exec
 .text.last_encoder_activity_trigger
                0x00000000000033aa        0x4 /tmp/ccbVfOE8.ltrans2.ltrans.o
                0x00000000000033aa                last_encoder_activity_trigger
 .text.host_consumer_send
                0x00000000000033ae       0x2c /tmp/ccbVfOE8.ltrans2.ltrans.o
                0x00000000000033ae                host_consumer_send
 .text.host_system_send
                0x00000000000033da       0x2c /tmp/ccbVfOE8.ltrans2.ltrans.o
                0x00000000000033da                host_system_send
 .text.host_keyboard_led_state
                0x0000000000003406       0x1a /tmp/ccbVfOE8.ltrans2.ltrans.o
                0x0000000000003406                host_keyboard_led_state
 .text.host_keyboard_leds
                0x0000000000003420       0x18 /tmp/ccbVfOE8.ltrans2.ltrans.o
                0x0000000000003420                host_keyboard_leds
 .text.dump_key_buffer.lto_priv.47
                0x0000000000003438       0x40 /tmp/ccbVfOE8.ltrans2.ltrans.o
                0x0000000000003438                dump_key_buffer.lto_priv.47
 .text.encoder_update_raw
                0x0000000000003478       0xa0 /tmp/ccbVfOE8.ltrans2.ltrans.o
                0x0000000000003478                encoder_update_raw
 .text.encoder_state_raw
                0x0000000000003518       0x16 /tmp/ccbVfOE8.ltrans2.ltrans.o
                0x0000000000003518                encoder_state_raw
 .text.handleKeycodeRGBMode.lto_priv.45
                0x000000000000352e       0x24 /tmp/ccbVfOE8.ltrans2.ltrans.o
                0x000000000000352e                handleKeycodeRGBMode.lto_priv.45
 .text.handleKeycodeRGB.lto_priv.46
                0x0000000000003552        0xc /tmp/ccbVfOE8.ltrans2.ltrans.o
                0x0000000000003552                handleKeycodeRGB.lto_priv.46
 .text.rgblight_timer_init
                0x000000000000355e        0xe /tmp/ccbVfOE8.ltrans2.ltrans.o
                0x000000000000355e                rgblight_timer_init
                0x000000000000355e                rgblight_timer_disable
 .text.keyboard_init
                0x000000000000356c      0x2c4 /tmp/ccbVfOE8.ltrans2.ltrans.o
                0x000000000000356c                keyboard_init
 .text.rgblight_timer_enable
                0x0000000000003830       0x36 /tmp/ccbVfOE8.ltrans2.ltrans.o
                0x0000000000003830                rgblight_timer_enable
 .text.rgblight_update_sync
                0x0000000000003866       0x7c /tmp/ccbVfOE8.ltrans2.ltrans.o
                0x0000000000003866                rgblight_update_sync
 .text.rgblight_get_syncinfo
                0x00000000000038e2       0x26 /tmp/ccbVfOE8.ltrans2.ltrans.o
                0x00000000000038e2                rgblight_get_syncinfo
 .text.rgblight_clear_change_flags
                0x0000000000003908        0x6 /tmp/ccbVfOE8.ltrans2.ltrans.o
                0x0000000000003908                rgblight_clear_change_flags
 .text.rgblight_get_change_flags
                0x000000000000390e        0x6 /tmp/ccbVfOE8.ltrans2.ltrans.o
                0x000000000000390e                rgblight_get_change_flags
 .text.rgblight_set
                0x0000000000003914       0x6c /tmp/ccbVfOE8.ltrans2.ltrans.o
                0x0000000000003914                rgblight_set
 .text.rgblight_effect_twinkle
                0x0000000000003980      0x142 /tmp/ccbVfOE8.ltrans2.ltrans.o
                0x0000000000003980                rgblight_effect_twinkle
 .text.rgblight_effect_rainbow_swirl
                0x0000000000003ac2       0x54 /tmp/ccbVfOE8.ltrans2.ltrans.o
                0x0000000000003ac2                rgblight_effect_rainbow_swirl
 .text.keyboard_leds
                0x0000000000003b16        0x6 /tmp/ccbVfOE8.ltrans3.ltrans.o
 .text.send_extra
                0x0000000000003b1c       0x66 /tmp/ccbVfOE8.ltrans3.ltrans.o
 .text.send_consumer
                0x0000000000003b82        0x8 /tmp/ccbVfOE8.ltrans3.ltrans.o
 .text.send_system
                0x0000000000003b8a        0x8 /tmp/ccbVfOE8.ltrans3.ltrans.o
 .text.send_mouse
                0x0000000000003b92       0x3e /tmp/ccbVfOE8.ltrans3.ltrans.o
 .text.send_keyboard
                0x0000000000003bd0       0x58 /tmp/ccbVfOE8.ltrans3.ltrans.o
 .text.Endpoint_WaitUntilReady
                0x0000000000003c28       0x66 /tmp/ccbVfOE8.ltrans3.ltrans.o
                0x0000000000003c28                Endpoint_WaitUntilReady
 .text.Endpoint_ClearStatusStage
                0x0000000000003c8e       0x3e /tmp/ccbVfOE8.ltrans3.ltrans.o
                0x0000000000003c8e                Endpoint_ClearStatusStage
 .text.Endpoint_ConfigureEndpoint_Prv
                0x0000000000003ccc       0x6a /tmp/ccbVfOE8.ltrans3.ltrans.o
                0x0000000000003ccc                Endpoint_ConfigureEndpoint_Prv
 .text.Endpoint_Write_Control_Stream_LE
                0x0000000000003d36       0xbc /tmp/ccbVfOE8.ltrans3.ltrans.o
                0x0000000000003d36                Endpoint_Write_Control_Stream_LE
 .text.sync_timer_read32
                0x0000000000003df2       0x36 /tmp/ccbVfOE8.ltrans3.ltrans.o
                0x0000000000003df2                sync_timer_read32
 .text.startup.main
                0x0000000000003e28      0x6c8 /tmp/ccbVfOE8.ltrans3.ltrans.o
                0x0000000000003e28                main
 .text.Endpoint_Write_Stream_LE.constprop.0
                0x00000000000044f0       0x58 /tmp/ccbVfOE8.ltrans4.ltrans.o
                0x00000000000044f0                Endpoint_Write_Stream_LE.constprop.0
 .text.USB_Device_ProcessControlRequest
                0x0000000000004548      0x592 /tmp/ccbVfOE8.ltrans4.ltrans.o
                0x0000000000004548                USB_Device_ProcessControlRequest
 .text.__vector_11
                0x0000000000004ada       0x88 /tmp/ccbVfOE8.ltrans4.ltrans.o
                0x0000000000004ada                __vector_11
 .text.USB_Disable
                0x0000000000004b62       0x3e /tmp/ccbVfOE8.ltrans4.ltrans.o
                0x0000000000004b62                USB_Disable
 .text.USB_Init
                0x0000000000004ba0       0xc2 /tmp/ccbVfOE8.ltrans4.ltrans.o
                0x0000000000004ba0                USB_Init
 .text.__vector_10
                0x0000000000004c62      0x1aa /tmp/ccbVfOE8.ltrans4.ltrans.o
                0x0000000000004c62                __vector_10
 .text.is_tap_key
                0x0000000000004e0c       0x52 /tmp/ccbVfOE8.ltrans5.ltrans.o
 .text.unregister_weak_mods
                0x0000000000004e5e       0x16 /tmp/ccbVfOE8.ltrans5.ltrans.o
                0x0000000000004e5e                unregister_weak_mods
 .text.register_weak_mods
                0x0000000000004e74       0x14 /tmp/ccbVfOE8.ltrans5.ltrans.o
                0x0000000000004e74                register_weak_mods
 .text.unregister_mods
                0x0000000000004e88       0x16 /tmp/ccbVfOE8.ltrans5.ltrans.o
                0x0000000000004e88                unregister_mods
 .text.register_mods
                0x0000000000004e9e       0x14 /tmp/ccbVfOE8.ltrans5.ltrans.o
                0x0000000000004e9e                register_mods
 .text.process_tapping.lto_priv.58
                0x0000000000004eb2      0x32c /tmp/ccbVfOE8.ltrans5.ltrans.o
                0x0000000000004eb2                process_tapping.lto_priv.58
 .text.clear_keyboard_but_mods_and_keys
                0x00000000000051de       0x3a /tmp/ccbVfOE8.ltrans5.ltrans.o
                0x00000000000051de                clear_keyboard_but_mods_and_keys
 .text.clear_keyboard
                0x0000000000005218       0x16 /tmp/ccbVfOE8.ltrans5.ltrans.o
                0x0000000000005218                clear_keyboard
 .text.unregister_code
                0x000000000000522e       0x7e /tmp/ccbVfOE8.ltrans5.ltrans.o
                0x000000000000522e                unregister_code
 .text.register_code
                0x00000000000052ac       0xfe /tmp/ccbVfOE8.ltrans5.ltrans.o
                0x00000000000052ac                register_code
 .text.tap_code
                0x00000000000053aa       0x38 /tmp/ccbVfOE8.ltrans5.ltrans.o
                0x00000000000053aa                tap_code
 .text.sendchar
                0x00000000000053e2        0x4 /tmp/ccbVfOE8.ltrans6.ltrans.o
                0x00000000000053e2                sendchar
 .text.__vector_21
                0x00000000000053e6       0x4c /tmp/ccbVfOE8.ltrans6.ltrans.o
                0x00000000000053e6                __vector_21
 .text.timer_elapsed
                0x0000000000005432       0x1e /tmp/ccbVfOE8.ltrans6.ltrans.o
                0x0000000000005432                timer_elapsed
 .text.timer_read32
                0x0000000000005450       0x18 /tmp/ccbVfOE8.ltrans6.ltrans.o
                0x0000000000005450                timer_read32
 .text.sync_timer_update
                0x0000000000005468       0x3a /tmp/ccbVfOE8.ltrans6.ltrans.o
                0x0000000000005468                sync_timer_update
 .text.timer_read
                0x00000000000054a2       0x18 /tmp/ccbVfOE8.ltrans6.ltrans.o
                0x00000000000054a2                timer_read
 .text.__vector_12
                0x00000000000054ba       0x52 /tmp/ccbVfOE8.ltrans6.ltrans.o
                0x00000000000054ba                __vector_12
 .text.eeconfig_read_keymap
                0x000000000000550c       0x22 /tmp/ccbVfOE8.ltrans6.ltrans.o
                0x000000000000550c                eeconfig_read_keymap
 .text.eeconfig_init_quantum
                0x000000000000552e       0xf6 /tmp/ccbVfOE8.ltrans6.ltrans.o
                0x000000000000552e                eeconfig_init_quantum
 .text.clear_oneshot_mods
                0x0000000000005624        0xc /tmp/ccbVfOE8.ltrans6.ltrans.o
                0x0000000000005624                clear_oneshot_mods
 .text.set_oneshot_mods
                0x0000000000005630       0x14 /tmp/ccbVfOE8.ltrans6.ltrans.o
                0x0000000000005630                set_oneshot_mods
 .text.send_keyboard_report
                0x0000000000005644       0x5a /tmp/ccbVfOE8.ltrans6.ltrans.o
                0x0000000000005644                send_keyboard_report
 .text.oneshot_set
                0x000000000000569e       0x34 /tmp/ccbVfOE8.ltrans6.ltrans.o
                0x000000000000569e                oneshot_set
 .text.layer_switch_get_layer
                0x00000000000056d2       0x84 /tmp/ccbVfOE8.ltrans6.ltrans.o
                0x00000000000056d2                layer_switch_get_layer
 .text.layer_switch_get_action
                0x0000000000005756       0x16 /tmp/ccbVfOE8.ltrans6.ltrans.o
                0x0000000000005756                layer_switch_get_action
 .text.read_source_layers_cache
                0x000000000000576c       0x5a /tmp/ccbVfOE8.ltrans6.ltrans.o
                0x000000000000576c                read_source_layers_cache
 .text.update_source_layers_cache
                0x00000000000057c6       0x58 /tmp/ccbVfOE8.ltrans6.ltrans.o
                0x00000000000057c6                update_source_layers_cache
 .text.layer_state_set
                0x000000000000581e       0x18 /tmp/ccbVfOE8.ltrans6.ltrans.o
                0x000000000000581e                layer_state_set
 .text.layer_off
                0x0000000000005836       0x4a /tmp/ccbVfOE8.ltrans6.ltrans.o
                0x0000000000005836                layer_off
 .text.clear_oneshot_layer_state
                0x0000000000005880       0x3a /tmp/ccbVfOE8.ltrans6.ltrans.o
                0x0000000000005880                clear_oneshot_layer_state
 .text.layer_on
                0x00000000000058ba       0x42 /tmp/ccbVfOE8.ltrans6.ltrans.o
                0x00000000000058ba                layer_on
 .text.default_layer_state_set.lto_priv.44
                0x00000000000058fc       0x14 /tmp/ccbVfOE8.ltrans6.ltrans.o
                0x00000000000058fc                default_layer_state_set.lto_priv.44
 .text.debug_waiting_buffer.lto_priv.59
                0x0000000000005910       0x14 /tmp/ccbVfOE8.ltrans6.ltrans.o
                0x0000000000005910                debug_waiting_buffer.lto_priv.59
 .text.waiting_buffer_scan_tap.lto_priv.41
                0x0000000000005924       0xd8 /tmp/ccbVfOE8.ltrans6.ltrans.o
                0x0000000000005924                waiting_buffer_scan_tap.lto_priv.41
 .text.sync_timer_read
                0x00000000000059fc       0x12 /tmp/ccbVfOE8.ltrans6.ltrans.o
                0x00000000000059fc                sync_timer_read
 .text.transport_master_init
                0x0000000000005a0e        0xc .build/obj_draculad_sadekbaroudi/quantum/split_common/transport.a(transport.o)
                0x0000000000005a0e                transport_master_init
 .text.transport_slave_init
                0x0000000000005a1a        0xc .build/obj_draculad_sadekbaroudi/quantum/split_common/transport.a(transport.o)
                0x0000000000005a1a                transport_slave_init
 .text.transport_rgblight_master
                0x0000000000005a26       0x22 .build/obj_draculad_sadekbaroudi/quantum/split_common/transport.a(transport.o)
                0x0000000000005a26                transport_rgblight_master
 .text.transport_rgblight_slave
                0x0000000000005a48       0x18 .build/obj_draculad_sadekbaroudi/quantum/split_common/transport.a(transport.o)
                0x0000000000005a48                transport_rgblight_slave
 .text.transport_master
                0x0000000000005a60       0x64 .build/obj_draculad_sadekbaroudi/quantum/split_common/transport.a(transport.o)
                0x0000000000005a60                transport_master
 .text.transport_slave
                0x0000000000005ac4       0x46 .build/obj_draculad_sadekbaroudi/quantum/split_common/transport.a(transport.o)
                0x0000000000005ac4                transport_slave
 .text.sync_recv
                0x0000000000005b0a       0x10 .build/obj_draculad_sadekbaroudi/serial.a(serial.o)
 .text.sync_send
                0x0000000000005b1a        0xc .build/obj_draculad_sadekbaroudi/serial.a(serial.o)
 .text.serial_read_chunk
                0x0000000000005b26       0x54 .build/obj_draculad_sadekbaroudi/serial.a(serial.o)
 .text.serial_recive_packet
                0x0000000000005b7a       0x50 .build/obj_draculad_sadekbaroudi/serial.a(serial.o)
 .text.soft_serial_initiator_init
                0x0000000000005bca       0x12 .build/obj_draculad_sadekbaroudi/serial.a(serial.o)
                0x0000000000005bca                soft_serial_initiator_init
 .text.soft_serial_target_init
                0x0000000000005bdc       0x1e .build/obj_draculad_sadekbaroudi/serial.a(serial.o)
                0x0000000000005bdc                soft_serial_target_init
 .text.serial_write_chunk
                0x0000000000005bfa       0x40 .build/obj_draculad_sadekbaroudi/serial.a(serial.o)
                0x0000000000005bfa                serial_write_chunk
 .text.serial_send_packet
                0x0000000000005c3a       0x34 .build/obj_draculad_sadekbaroudi/serial.a(serial.o)
 .text.__vector_3
                0x0000000000005c6e      0x120 .build/obj_draculad_sadekbaroudi/serial.a(serial.o)
                0x0000000000005c6e                __vector_3
 .text.soft_serial_transaction
                0x0000000000005d8e      0x106 .build/obj_draculad_sadekbaroudi/serial.a(serial.o)
                0x0000000000005d8e                soft_serial_transaction
 .text.avr-libc
                0x0000000000005e94       0xb8 /usr/lib/gcc/avr/5.4.0/../../../avr/lib/avr5/libc.a(rand.o)
                0x0000000000005f26                rand_r
                0x0000000000005f2c                rand
                0x0000000000005f36                srand
 .text.avr-libc
                0x0000000000005f4c       0x10 /usr/lib/gcc/avr/5.4.0/../../../avr/lib/avr5/libatmega32u4.a(eerd_byte.o)
                0x0000000000005f4c                eeprom_read_byte
 .text.avr-libc
                0x0000000000005f5c        0xc /usr/lib/gcc/avr/5.4.0/../../../avr/lib/avr5/libatmega32u4.a(eerd_dword.o)
                0x0000000000005f5c                eeprom_read_dword
                0x0000000000005f5c                eeprom_read_float
 .text.avr-libc
                0x0000000000005f68        0xc /usr/lib/gcc/avr/5.4.0/../../../avr/lib/avr5/libatmega32u4.a(eerd_word.o)
                0x0000000000005f68                eeprom_read_word
 .text.avr-libc
                0x0000000000005f74       0x24 /usr/lib/gcc/avr/5.4.0/../../../avr/lib/avr5/libatmega32u4.a(eeupd_byte.o)
                0x0000000000005f74                eeprom_update_byte
                0x0000000000005f76                eeprom_update_r18
 .text.avr-libc
                0x0000000000005f98       0x18 /usr/lib/gcc/avr/5.4.0/../../../avr/lib/avr5/libatmega32u4.a(eeupd_dword.o)
                0x0000000000005f98                eeprom_update_dword
                0x0000000000005f98                eeprom_update_float
 .text.avr-libc
                0x0000000000005fb0        0xc /usr/lib/gcc/avr/5.4.0/../../../avr/lib/avr5/libatmega32u4.a(eeupd_word.o)
                0x0000000000005fb0                eeprom_update_word
 .text.avr-libc
                0x0000000000005fbc       0x20 /usr/lib/gcc/avr/5.4.0/../../../avr/lib/avr5/libatmega32u4.a(eerd_block.o)
                0x0000000000005fbc                eeprom_read_block
                0x0000000000005fc0                eeprom_read_blraw
 .text.libgcc.div
                0x0000000000005fdc       0x2e /usr/lib/gcc/avr/5.4.0/avr5/libgcc.a(_divmodsi4.o)
                0x0000000000005fdc                __divmodsi4
 .text.libgcc.div
                0x000000000000600a       0x10 /usr/lib/gcc/avr/5.4.0/avr5/libgcc.a(_negsi2.o)
                0x000000000000600a                __negsi2
 .text.libgcc.mul
                0x000000000000601a       0x16 /usr/lib/gcc/avr/5.4.0/avr5/libgcc.a(_muluhisi3.o)
                0x000000000000601a                __muluhisi3
 .text.libgcc.mul
                0x0000000000006030       0x10 /usr/lib/gcc/avr/5.4.0/avr5/libgcc.a(_mulshisi3.o)
                0x0000000000006030                __mulshisi3
                0x0000000000006036                __mulohisi3
 .text.libgcc.div
                0x0000000000006040       0x44 /usr/lib/gcc/avr/5.4.0/avr5/libgcc.a(_udivmodsi4.o)
                0x0000000000006040                __udivmodsi4
 .text.libgcc.mul
                0x0000000000006084       0x1e /usr/lib/gcc/avr/5.4.0/avr5/libgcc.a(_umulhisi3.o)
                0x0000000000006084                __umulhisi3
 .text.libgcc.div
                0x00000000000060a2       0x18 /usr/lib/gcc/avr/5.4.0/avr5/libgcc.a(_udivmodqi4.o)
                0x00000000000060a2                __udivmodqi4
 .text.libgcc.div
                0x00000000000060ba       0x28 /usr/lib/gcc/avr/5.4.0/avr5/libgcc.a(_udivmodhi4.o)
                0x00000000000060ba                __udivmodhi4
 .text.libgcc.div
                0x00000000000060e2       0x28 /usr/lib/gcc/avr/5.4.0/avr5/libgcc.a(_divmodhi4.o)
                0x00000000000060e2                __divmodhi4
                0x00000000000060e2                _div
 .text.libgcc   0x000000000000610a        0xc /usr/lib/gcc/avr/5.4.0/avr5/libgcc.a(_tablejump2.o)
                0x000000000000610a                __tablejump2__
 .text.avr-libc
                0x0000000000006116       0x1a /usr/lib/gcc/avr/5.4.0/../../../avr/lib/avr5/libc.a(memchr.o)
                0x0000000000006116                memchr
                0x0000000000006130                . = ALIGN (0x2)
 *(.fini9)
 .fini9         0x0000000000006130        0x0 /usr/lib/gcc/avr/5.4.0/avr5/libgcc.a(_exit.o)
                0x0000000000006130                exit
                0x0000000000006130                _exit
 *(.fini9)
 *(.fini8)
 *(.fini8)
 *(.fini7)
 *(.fini7)
 *(.fini6)
 *(.fini6)
 *(.fini5)
 *(.fini5)
 *(.fini4)
 *(.fini4)
 *(.fini3)
 *(.fini3)
 *(.fini2)
 *(.fini2)
 *(.fini1)
 *(.fini1)
 *(.fini0)
 .fini0         0x0000000000006130        0x4 /usr/lib/gcc/avr/5.4.0/avr5/libgcc.a(_exit.o)
 *(.fini0)
                0x0000000000006134                _etext = .

.data           0x0000000000800100       0xca load address 0x0000000000006134
                0x0000000000800100                PROVIDE (__data_start, .)
 *(.data)
 .data          0x0000000000800100        0x4 /usr/lib/gcc/avr/5.4.0/../../../avr/lib/avr5/libc.a(rand.o)
 *(.data*)
 .data.distance_to_last_delim
                0x0000000000800104        0x1 /tmp/ccbVfOE8.ltrans0.ltrans.o
 .data.b_combo_enable.lto_priv.68
                0x0000000000800105        0x1 /tmp/ccbVfOE8.ltrans0.ltrans.o
                0x0000000000800105                b_combo_enable.lto_priv.68
 .data.key_combos
                0x0000000000800106       0x28 /tmp/ccbVfOE8.ltrans0.ltrans.o
 .data.static_effect_table.lto_priv.61
                0x000000000080012e        0xb /tmp/ccbVfOE8.ltrans2.ltrans.o
                0x000000000080012e                static_effect_table.lto_priv.61
 .data.isLeftHand
                0x0000000000800139        0x1 /tmp/ccbVfOE8.ltrans2.ltrans.o
 .data.lufa_driver
                0x000000000080013a        0xa /tmp/ccbVfOE8.ltrans3.ltrans.o
 .data.keyboard_protocol
                0x0000000000800144        0x1 /tmp/ccbVfOE8.ltrans4.ltrans.o
                0x0000000000800144                keyboard_protocol
 .data.transactions
                0x0000000000800145       0x10 .build/obj_draculad_sadekbaroudi/quantum/split_common/transport.a(transport.o)
                0x0000000000800145                transactions
 *(.gnu.linkonce.d*)
 *(.rodata)
 *(.rodata*)
 .rodata.mode_base_table
                0x0000000000800155       0x1f /tmp/ccbVfOE8.ltrans1.ltrans.o
 .rodata.row_pins.lto_priv.72
                0x0000000000800174        0x8 /tmp/ccbVfOE8.ltrans2.ltrans.o
                0x0000000000800174                row_pins.lto_priv.72
 .rodata.col_pins.lto_priv.71
                0x000000000080017c        0x5 /tmp/ccbVfOE8.ltrans2.ltrans.o
                0x000000000080017c                col_pins.lto_priv.71
 .rodata.encoder_LUT
                0x0000000000800181       0x10 /tmp/ccbVfOE8.ltrans3.ltrans.o
 .rodata.encoder_resolutions
                0x0000000000800191        0x4 /tmp/ccbVfOE8.ltrans3.ltrans.o
 .rodata.encoders_pad_b.lto_priv.50
                0x0000000000800195        0x2 /tmp/ccbVfOE8.ltrans3.ltrans.o
                0x0000000000800195                encoders_pad_b.lto_priv.50
 .rodata.encoders_pad_a.lto_priv.49
                0x0000000000800197        0x2 /tmp/ccbVfOE8.ltrans3.ltrans.o
                0x0000000000800197                encoders_pad_a.lto_priv.49
 .rodata.CSWTCH.1.lto_priv.74
                0x0000000000800199        0x3 /tmp/ccbVfOE8.ltrans5.ltrans.o
                0x0000000000800199                CSWTCH.1.lto_priv.74
 .rodata.CSWTCH.3.lto_priv.73
                0x000000000080019c       0x2e /tmp/ccbVfOE8.ltrans5.ltrans.o
                0x000000000080019c                CSWTCH.3.lto_priv.73
 *(.gnu.linkonce.r*)
                0x00000000008001ca                . = ALIGN (0x2)
                0x00000000008001ca                _edata = .
                0x00000000008001ca                PROVIDE (__data_end, .)

.bss            0x00000000008001ca      0x173
                0x00000000008001ca                PROVIDE (__bss_start, .)
 *(.bss)
 .bss           0x00000000008001ca        0x2 .build/obj_draculad_sadekbaroudi/common/avr/xprintf.o
                0x00000000008001ca                xfunc_out
 *(.bss*)
 .bss.caps_word_on.lto_priv.76
                0x00000000008001cc        0x1 /tmp/ccbVfOE8.ltrans0.ltrans.o
                0x00000000008001cc                caps_word_on.lto_priv.76
 .bss.xcase_delimiter.lto_priv.75
                0x00000000008001cd        0x2 /tmp/ccbVfOE8.ltrans0.ltrans.o
                0x00000000008001cd                xcase_delimiter.lto_priv.75
 .bss.xcase_state
                0x00000000008001cf        0x1 /tmp/ccbVfOE8.ltrans0.ltrans.o
 .bss.is_caps_lock_on
                0x00000000008001d0        0x1 /tmp/ccbVfOE8.ltrans0.ltrans.o
                0x00000000008001d0                is_caps_lock_on
 .bss.kc.4123   0x00000000008001d1        0x2 /tmp/ccbVfOE8.ltrans0.ltrans.o
 .bss.key_buffer.lto_priv.56
                0x00000000008001d3       0x10 /tmp/ccbVfOE8.ltrans0.ltrans.o
                0x00000000008001d3                key_buffer.lto_priv.56
 .bss.buffer_size.lto_priv.55
                0x00000000008001e3        0x1 /tmp/ccbVfOE8.ltrans0.ltrans.o
                0x00000000008001e3                buffer_size.lto_priv.55
 .bss.is_active.lto_priv.69
                0x00000000008001e4        0x1 /tmp/ccbVfOE8.ltrans0.ltrans.o
                0x00000000008001e4                is_active.lto_priv.69
 .bss.timer.lto_priv.70
                0x00000000008001e5        0x2 /tmp/ccbVfOE8.ltrans0.ltrans.o
                0x00000000008001e5                timer.lto_priv.70
 .bss.current_combo_index
                0x00000000008001e7        0x2 /tmp/ccbVfOE8.ltrans0.ltrans.o
 .bss.drop_buffer
                0x00000000008001e9        0x1 /tmp/ccbVfOE8.ltrans0.ltrans.o
 .bss.debouncing_time
                0x00000000008001ea        0x2 /tmp/ccbVfOE8.ltrans1.ltrans.o
 .bss.debouncing
                0x00000000008001ec        0x1 /tmp/ccbVfOE8.ltrans1.ltrans.o
 .bss.counter.4263
                0x00000000008001ed        0x1 /tmp/ccbVfOE8.ltrans1.ltrans.o
 .bss.rgblight_startup_loop_timer
                0x00000000008001ee        0x2 /tmp/ccbVfOE8.ltrans1.ltrans.o
 .bss.has_ran_yet.4293
                0x00000000008001f0        0x1 /tmp/ccbVfOE8.ltrans1.ltrans.o
 .bss.error_count.4398
                0x00000000008001f1        0x1 /tmp/ccbVfOE8.ltrans1.ltrans.o
 .bss.usbstate.4340
                0x00000000008001f2        0x1 /tmp/ccbVfOE8.ltrans1.ltrans.o
 .bss.led       0x00000000008001f3       0x1e /tmp/ccbVfOE8.ltrans2.ltrans.o
                0x00000000008001f3                led
 .bss.led_twinkle_state
                0x0000000000800211       0x32 /tmp/ccbVfOE8.ltrans2.ltrans.o
 .bss.last_system_report
                0x0000000000800243        0x2 /tmp/ccbVfOE8.ltrans2.ltrans.o
 .bss.last_consumer_report
                0x0000000000800245        0x2 /tmp/ccbVfOE8.ltrans2.ltrans.o
 .bss.raw_matrix
                0x0000000000800247        0x8 /tmp/ccbVfOE8.ltrans2.ltrans.o
                0x0000000000800247                raw_matrix
 .bss.thatHand  0x000000000080024f        0x1 /tmp/ccbVfOE8.ltrans2.ltrans.o
                0x000000000080024f                thatHand
 .bss.thisHand  0x0000000000800250        0x1 /tmp/ccbVfOE8.ltrans2.ltrans.o
                0x0000000000800250                thisHand
 .bss.is_rgblight_initialized
                0x0000000000800251        0x1 /tmp/ccbVfOE8.ltrans2.ltrans.o
 .bss.thatHand.lto_priv.53
                0x0000000000800252        0x1 /tmp/ccbVfOE8.ltrans2.ltrans.o
 .bss.is_rgblight_startup.lto_priv.65
                0x0000000000800253        0x1 /tmp/ccbVfOE8.ltrans2.ltrans.o
                0x0000000000800253                is_rgblight_startup.lto_priv.65
 .bss.old_hue.lto_priv.66
                0x0000000000800254        0x1 /tmp/ccbVfOE8.ltrans2.ltrans.o
                0x0000000000800254                old_hue.lto_priv.66
 .bss.is_enabled.lto_priv.67
                0x0000000000800255        0x1 /tmp/ccbVfOE8.ltrans2.ltrans.o
                0x0000000000800255                is_enabled.lto_priv.67
 .bss.sync_timer_ms
                0x0000000000800256        0x4 /tmp/ccbVfOE8.ltrans3.ltrans.o
                0x0000000000800256                sync_timer_ms
 .bss.userspace_config
                0x000000000080025a        0x7 /tmp/ccbVfOE8.ltrans3.ltrans.o
                0x000000000080025a                userspace_config
 .bss.driver.lto_priv.28
                0x0000000000800261        0x2 /tmp/ccbVfOE8.ltrans3.ltrans.o
                0x0000000000800261                driver.lto_priv.28
 .bss.wdt_timeout.lto_priv.27
                0x0000000000800263        0x1 /tmp/ccbVfOE8.ltrans3.ltrans.o
                0x0000000000800263                wdt_timeout.lto_priv.27
 .bss.pre_suspend_enabled
                0x0000000000800264        0x1 /tmp/ccbVfOE8.ltrans3.ltrans.o
 .bss.is_suspended
                0x0000000000800265        0x1 /tmp/ccbVfOE8.ltrans3.ltrans.o
 .bss.matrix    0x0000000000800266        0x8 /tmp/ccbVfOE8.ltrans3.ltrans.o
                0x0000000000800266                matrix
 .bss.report_last_timer.3493
                0x000000000080026e        0x2 /tmp/ccbVfOE8.ltrans3.ltrans.o
 .bss.tick_flag.3494
                0x0000000000800270        0x1 /tmp/ccbVfOE8.ltrans3.ltrans.o
 .bss.animation_status
                0x0000000000800271        0x6 /tmp/ccbVfOE8.ltrans3.ltrans.o
                0x0000000000800271                animation_status
 .bss.rgblight_config
                0x0000000000800277        0x5 /tmp/ccbVfOE8.ltrans3.ltrans.o
                0x0000000000800277                rgblight_config
 .bss.rgblight_status
                0x000000000080027c        0x5 /tmp/ccbVfOE8.ltrans3.ltrans.o
                0x000000000080027c                rgblight_status
 .bss.encoder_value.lto_priv.57
                0x0000000000800281        0x4 /tmp/ccbVfOE8.ltrans3.ltrans.o
                0x0000000000800281                encoder_value.lto_priv.57
 .bss.encoder_pulses
                0x0000000000800285        0x2 /tmp/ccbVfOE8.ltrans3.ltrans.o
 .bss.thisHand.lto_priv.52
                0x0000000000800287        0x1 /tmp/ccbVfOE8.ltrans3.ltrans.o
                0x0000000000800287                thisHand.lto_priv.52
 .bss.encoder_state.lto_priv.51
                0x0000000000800288        0x2 /tmp/ccbVfOE8.ltrans3.ltrans.o
                0x0000000000800288                encoder_state.lto_priv.51
 .bss.mousekey_wheel_repeat.lto_priv.35
                0x000000000080028a        0x1 /tmp/ccbVfOE8.ltrans3.ltrans.o
                0x000000000080028a                mousekey_wheel_repeat.lto_priv.35
 .bss.last_timer_w.lto_priv.63
                0x000000000080028b        0x2 /tmp/ccbVfOE8.ltrans3.ltrans.o
                0x000000000080028b                last_timer_w.lto_priv.63
 .bss.mousekey_repeat.lto_priv.34
                0x000000000080028d        0x1 /tmp/ccbVfOE8.ltrans3.ltrans.o
                0x000000000080028d                mousekey_repeat.lto_priv.34
 .bss.last_timer_c.lto_priv.62
                0x000000000080028e        0x2 /tmp/ccbVfOE8.ltrans3.ltrans.o
                0x000000000080028e                last_timer_c.lto_priv.62
 .bss.mouse_report.lto_priv.33
                0x0000000000800290        0x6 /tmp/ccbVfOE8.ltrans3.ltrans.o
                0x0000000000800290                mouse_report.lto_priv.33
 .bss.led_status.4204
                0x0000000000800296        0x1 /tmp/ccbVfOE8.ltrans3.ltrans.o
 .bss.debug_config
                0x0000000000800297        0x1 /tmp/ccbVfOE8.ltrans3.ltrans.o
                0x0000000000800297                debug_config
 .bss.matrix_prev.4203
                0x0000000000800298        0x8 /tmp/ccbVfOE8.ltrans3.ltrans.o
 .bss.USB_IsInitialized
                0x00000000008002a0        0x1 /tmp/ccbVfOE8.ltrans4.ltrans.o
 .bss.keyboard_idle
                0x00000000008002a1        0x1 /tmp/ccbVfOE8.ltrans4.ltrans.o
 .bss.keyboard_led_state.lto_priv.24
                0x00000000008002a2        0x1 /tmp/ccbVfOE8.ltrans4.ltrans.o
                0x00000000008002a2                keyboard_led_state.lto_priv.24
 .bss.keyboard_report_sent.lto_priv.23
                0x00000000008002a3        0x8 /tmp/ccbVfOE8.ltrans4.ltrans.o
                0x00000000008002a3                keyboard_report_sent.lto_priv.23
 .bss.USB_Device_CurrentlySelfPowered
                0x00000000008002ab        0x1 /tmp/ccbVfOE8.ltrans4.ltrans.o
 .bss.USB_Device_RemoteWakeupEnabled
                0x00000000008002ac        0x1 /tmp/ccbVfOE8.ltrans4.ltrans.o
                0x00000000008002ac                USB_Device_RemoteWakeupEnabled
 .bss.USB_DeviceState
                0x00000000008002ad        0x1 /tmp/ccbVfOE8.ltrans4.ltrans.o
                0x00000000008002ad                USB_DeviceState
 .bss.USB_Device_ConfigurationNumber
                0x00000000008002ae        0x1 /tmp/ccbVfOE8.ltrans4.ltrans.o
 .bss.USB_ControlRequest
                0x00000000008002af        0x8 /tmp/ccbVfOE8.ltrans4.ltrans.o
                0x00000000008002af                USB_ControlRequest
 .bss.mousekey_accel.lto_priv.64
                0x00000000008002b7        0x1 /tmp/ccbVfOE8.ltrans5.ltrans.o
                0x00000000008002b7                mousekey_accel.lto_priv.64
 .bss.__compound_literal.0.lto_priv.39
                0x00000000008002b8        0x8 /tmp/ccbVfOE8.ltrans6.ltrans.o
                0x00000000008002b8                __compound_literal.0.lto_priv.39
 .bss.tapping_key.lto_priv.29
                0x00000000008002c0        0x6 /tmp/ccbVfOE8.ltrans6.ltrans.o
                0x00000000008002c0                tapping_key.lto_priv.29
 .bss.waiting_buffer_head.lto_priv.32
                0x00000000008002c6        0x1 /tmp/ccbVfOE8.ltrans6.ltrans.o
                0x00000000008002c6                waiting_buffer_head.lto_priv.32
 .bss.waiting_buffer.lto_priv.31
                0x00000000008002c7       0x30 /tmp/ccbVfOE8.ltrans6.ltrans.o
                0x00000000008002c7                waiting_buffer.lto_priv.31
 .bss.waiting_buffer_tail.lto_priv.30
                0x00000000008002f7        0x1 /tmp/ccbVfOE8.ltrans6.ltrans.o
                0x00000000008002f7                waiting_buffer_tail.lto_priv.30
 .bss.source_layers_cache
                0x00000000008002f8       0x19 /tmp/ccbVfOE8.ltrans6.ltrans.o
 .bss.layer_state
                0x0000000000800311        0x4 /tmp/ccbVfOE8.ltrans6.ltrans.o
                0x0000000000800311                layer_state
 .bss.oneshot_layer_data.lto_priv.42
                0x0000000000800315        0x1 /tmp/ccbVfOE8.ltrans6.ltrans.o
                0x0000000000800315                oneshot_layer_data.lto_priv.42
 .bss.macro_mods.lto_priv.36
                0x0000000000800316        0x1 /tmp/ccbVfOE8.ltrans6.ltrans.o
                0x0000000000800316                macro_mods.lto_priv.36
 .bss.weak_mods.lto_priv.37
                0x0000000000800317        0x1 /tmp/ccbVfOE8.ltrans6.ltrans.o
                0x0000000000800317                weak_mods.lto_priv.37
 .bss.real_mods.lto_priv.38
                0x0000000000800318        0x1 /tmp/ccbVfOE8.ltrans6.ltrans.o
                0x0000000000800318                real_mods.lto_priv.38
 .bss.keymap_config
                0x0000000000800319        0x2 /tmp/ccbVfOE8.ltrans6.ltrans.o
                0x0000000000800319                keymap_config
 .bss.oneshot_mods.lto_priv.43
                0x000000000080031b        0x1 /tmp/ccbVfOE8.ltrans6.ltrans.o
                0x000000000080031b                oneshot_mods.lto_priv.43
 .bss.default_layer_state
                0x000000000080031c        0x4 /tmp/ccbVfOE8.ltrans6.ltrans.o
                0x000000000080031c                default_layer_state
 .bss.timer_count
                0x0000000000800320        0x4 /tmp/ccbVfOE8.ltrans6.ltrans.o
 .bss.status0   0x0000000000800324        0x1 .build/obj_draculad_sadekbaroudi/quantum/split_common/transport.a(transport.o)
                0x0000000000800324                status0
 .bss.serial_m2s_buffer
                0x0000000000800325        0x4 .build/obj_draculad_sadekbaroudi/quantum/split_common/transport.a(transport.o)
                0x0000000000800325                serial_m2s_buffer
 .bss.serial_s2m_buffer
                0x0000000000800329        0x6 .build/obj_draculad_sadekbaroudi/quantum/split_common/transport.a(transport.o)
                0x0000000000800329                serial_s2m_buffer
 .bss.status_rgblight
                0x000000000080032f        0x1 .build/obj_draculad_sadekbaroudi/quantum/split_common/transport.a(transport.o)
                0x000000000080032f                status_rgblight
 .bss.serial_rgblight
                0x0000000000800330        0xa .build/obj_draculad_sadekbaroudi/quantum/split_common/transport.a(transport.o)
                0x0000000000800330                serial_rgblight
 .bss.Transaction_table_size
                0x000000000080033a        0x1 .build/obj_draculad_sadekbaroudi/serial.a(serial.o)
 .bss.Transaction_table
                0x000000000080033b        0x2 .build/obj_draculad_sadekbaroudi/serial.a(serial.o)
 *(COMMON)
                0x000000000080033d                PROVIDE (__bss_end, .)
                0x0000000000006134                __data_load_start = LOADADDR (.data)
                0x00000000000061fe                __data_load_end = (__data_load_start + SIZEOF (.data))

.noinit         0x000000000080033d        0x4
                [!provide]                        PROVIDE (__noinit_start, .)
 *(.noinit*)
 .noinit        0x000000000080033d        0x4 /tmp/ccbVfOE8.ltrans3.ltrans.o
                [!provide]                        PROVIDE (__noinit_end, .)
                0x0000000000800341                _end = .
                [!provide]                        PROVIDE (__heap_start, .)

.eeprom         0x0000000000810000        0x0
 *(.eeprom*)
                0x0000000000810000                __eeprom_end = .

.fuse
 *(.fuse)
 *(.lfuse)
 *(.hfuse)
 *(.efuse)

.lock
 *(.lock*)

.signature
 *(.signature*)

.user_signatures
 *(.user_signatures*)

.stab           0x0000000000000000       0x24
 *(.stab)
 .stab          0x0000000000000000       0x24 .build/obj_draculad_sadekbaroudi/common/avr/xprintf.o
                                        0x8b8 (size before relaxing)

.stabstr        0x0000000000000000       0x6d
 *(.stabstr)
 .stabstr       0x0000000000000000       0x6d .build/obj_draculad_sadekbaroudi/common/avr/xprintf.o

.stab.excl
 *(.stab.excl)

.stab.exclstr
 *(.stab.exclstr)

.stab.index
 *(.stab.index)

.stab.indexstr
 *(.stab.indexstr)

.comment        0x0000000000000000       0x11
 *(.comment)
 .comment       0x0000000000000000       0x12 /tmp/ccbVfOE8.ltrans0.ltrans.o
 .comment       0x0000000000000000       0x12 /tmp/ccbVfOE8.ltrans1.ltrans.o
 .comment       0x0000000000000000       0x12 /tmp/ccbVfOE8.ltrans2.ltrans.o
 .comment       0x0000000000000000       0x12 /tmp/ccbVfOE8.ltrans3.ltrans.o
 .comment       0x0000000000000000       0x12 /tmp/ccbVfOE8.ltrans4.ltrans.o
 .comment       0x0000000000000000       0x12 /tmp/ccbVfOE8.ltrans5.ltrans.o
 .comment       0x0000000000000000       0x12 /tmp/ccbVfOE8.ltrans6.ltrans.o
 .comment       0x0000000000000000       0x11 .build/obj_draculad_sadekbaroudi/quantum/split_common/transport.a(transport.o)
                                         0x12 (size before relaxing)
 .comment       0x0000000000000011       0x12 .build/obj_draculad_sadekbaroudi/serial.a(serial.o)
 .comment       0x0000000000000011       0x12 /usr/lib/gcc/avr/5.4.0/../../../avr/lib/avr5/libc.a(rand.o)

.note.gnu.avr.deviceinfo
                0x0000000000000000       0x40
 .note.gnu.avr.deviceinfo
                0x0000000000000000       0x40 /usr/lib/gcc/avr/5.4.0/../../../avr/lib/avr5/crtatmega32u4.o

.note.gnu.build-id
 *(.note.gnu.build-id)

.debug
 *(.debug)

.line
 *(.line)

.debug_srcinfo
 *(.debug_srcinfo)

.debug_sfnames
 *(.debug_sfnames)

.debug_aranges  0x0000000000000000      0x550
 *(.debug_aranges)
 .debug_aranges
                0x0000000000000000       0x20 /tmp/ccbVfOE8.ltrans0.ltrans.o
 .debug_aranges
                0x0000000000000020      0x180 /tmp/ccbVfOE8.ltrans1.ltrans.o
 .debug_aranges
                0x00000000000001a0       0xd8 /tmp/ccbVfOE8.ltrans2.ltrans.o
 .debug_aranges
                0x0000000000000278       0x80 /tmp/ccbVfOE8.ltrans3.ltrans.o
 .debug_aranges
                0x00000000000002f8       0x48 /tmp/ccbVfOE8.ltrans4.ltrans.o
 .debug_aranges
                0x0000000000000340       0x70 /tmp/ccbVfOE8.ltrans5.ltrans.o
 .debug_aranges
                0x00000000000003b0       0xe8 /tmp/ccbVfOE8.ltrans6.ltrans.o
 .debug_aranges
                0x0000000000000498       0x48 .build/obj_draculad_sadekbaroudi/quantum/split_common/transport.a(transport.o)
 .debug_aranges
                0x00000000000004e0       0x70 .build/obj_draculad_sadekbaroudi/serial.a(serial.o)

.debug_pubnames
 *(.debug_pubnames)

.debug_info     0x0000000000000000     0xdeee
 *(.debug_info .gnu.linkonce.wi.*)
 .debug_info    0x0000000000000000      0x9f4 /usr/lib/gcc/avr/5.4.0/../../../avr/lib/avr5/crtatmega32u4.o
 .debug_info    0x00000000000009f4     0x1f55 /tmp/ccbVfOE8.ltrans0.ltrans.o
 .debug_info    0x0000000000002949     0x2a8b /tmp/ccbVfOE8.ltrans1.ltrans.o
 .debug_info    0x00000000000053d4     0x1a82 /tmp/ccbVfOE8.ltrans2.ltrans.o
 .debug_info    0x0000000000006e56     0x1cc7 /tmp/ccbVfOE8.ltrans3.ltrans.o
 .debug_info    0x0000000000008b1d     0x1de2 /tmp/ccbVfOE8.ltrans4.ltrans.o
 .debug_info    0x000000000000a8ff      0xf93 /tmp/ccbVfOE8.ltrans5.ltrans.o
 .debug_info    0x000000000000b892     0x1323 /tmp/ccbVfOE8.ltrans6.ltrans.o
 .debug_info    0x000000000000cbb5      0x70c .build/obj_draculad_sadekbaroudi/quantum/split_common/transport.a(transport.o)
 .debug_info    0x000000000000d2c1      0xc2d .build/obj_draculad_sadekbaroudi/serial.a(serial.o)

.debug_abbrev   0x0000000000000000     0x2efe
 *(.debug_abbrev)
 .debug_abbrev  0x0000000000000000      0x96a /usr/lib/gcc/avr/5.4.0/../../../avr/lib/avr5/crtatmega32u4.o
 .debug_abbrev  0x000000000000096a      0x37e /tmp/ccbVfOE8.ltrans0.ltrans.o
 .debug_abbrev  0x0000000000000ce8      0x587 /tmp/ccbVfOE8.ltrans1.ltrans.o
 .debug_abbrev  0x000000000000126f      0x61e /tmp/ccbVfOE8.ltrans2.ltrans.o
 .debug_abbrev  0x000000000000188d      0x55d /tmp/ccbVfOE8.ltrans3.ltrans.o
 .debug_abbrev  0x0000000000001dea      0x37d /tmp/ccbVfOE8.ltrans4.ltrans.o
 .debug_abbrev  0x0000000000002167      0x408 /tmp/ccbVfOE8.ltrans5.ltrans.o
 .debug_abbrev  0x000000000000256f      0x47e /tmp/ccbVfOE8.ltrans6.ltrans.o
 .debug_abbrev  0x00000000000029ed      0x22f .build/obj_draculad_sadekbaroudi/quantum/split_common/transport.a(transport.o)
 .debug_abbrev  0x0000000000002c1c      0x2e2 .build/obj_draculad_sadekbaroudi/serial.a(serial.o)

.debug_line     0x0000000000000000     0x5bd3
 *(.debug_line .debug_line.* .debug_line_end)
 .debug_line    0x0000000000000000       0x1a /usr/lib/gcc/avr/5.4.0/../../../avr/lib/avr5/crtatmega32u4.o
 .debug_line    0x000000000000001a      0xe49 /tmp/ccbVfOE8.ltrans0.ltrans.o
 .debug_line    0x0000000000000e63     0x13ba /tmp/ccbVfOE8.ltrans1.ltrans.o
 .debug_line    0x000000000000221d      0xa35 /tmp/ccbVfOE8.ltrans2.ltrans.o
 .debug_line    0x0000000000002c52      0xd84 /tmp/ccbVfOE8.ltrans3.ltrans.o
 .debug_line    0x00000000000039d6      0xdf5 /tmp/ccbVfOE8.ltrans4.ltrans.o
 .debug_line    0x00000000000047cb      0x5c3 /tmp/ccbVfOE8.ltrans5.ltrans.o
 .debug_line    0x0000000000004d8e      0x702 /tmp/ccbVfOE8.ltrans6.ltrans.o
 .debug_line    0x0000000000005490      0x213 .build/obj_draculad_sadekbaroudi/quantum/split_common/transport.a(transport.o)
 .debug_line    0x00000000000056a3      0x530 .build/obj_draculad_sadekbaroudi/serial.a(serial.o)

.debug_frame    0x0000000000000000      0xfac
 *(.debug_frame)
 .debug_frame   0x0000000000000000       0x84 /tmp/ccbVfOE8.ltrans0.ltrans.o
 .debug_frame   0x0000000000000084      0x460 /tmp/ccbVfOE8.ltrans1.ltrans.o
 .debug_frame   0x00000000000004e4      0x274 /tmp/ccbVfOE8.ltrans2.ltrans.o
 .debug_frame   0x0000000000000758      0x11c /tmp/ccbVfOE8.ltrans3.ltrans.o
 .debug_frame   0x0000000000000874      0x16c /tmp/ccbVfOE8.ltrans4.ltrans.o
 .debug_frame   0x00000000000009e0      0x124 /tmp/ccbVfOE8.ltrans5.ltrans.o
 .debug_frame   0x0000000000000b04      0x280 /tmp/ccbVfOE8.ltrans6.ltrans.o
 .debug_frame   0x0000000000000d84       0x8c .build/obj_draculad_sadekbaroudi/quantum/split_common/transport.a(transport.o)
 .debug_frame   0x0000000000000e10      0x19c .build/obj_draculad_sadekbaroudi/serial.a(serial.o)

.debug_str      0x0000000000000000     0x4417
 *(.debug_str)
 .debug_str     0x0000000000000000      0x371 /usr/lib/gcc/avr/5.4.0/../../../avr/lib/avr5/crtatmega32u4.o
 .debug_str     0x0000000000000371      0x9d8 /tmp/ccbVfOE8.ltrans0.ltrans.o
                                        0xbaf (size before relaxing)
 .debug_str     0x0000000000000d49      0xac4 /tmp/ccbVfOE8.ltrans1.ltrans.o
                                        0xef0 (size before relaxing)
 .debug_str     0x000000000000180d      0x7a9 /tmp/ccbVfOE8.ltrans2.ltrans.o
                                        0xd5c (size before relaxing)
 .debug_str     0x0000000000001fb6      0xa49 /tmp/ccbVfOE8.ltrans3.ltrans.o
                                        0xed2 (size before relaxing)
 .debug_str     0x00000000000029ff      0xb2e /tmp/ccbVfOE8.ltrans4.ltrans.o
                                        0xf3d (size before relaxing)
 .debug_str     0x000000000000352d      0x238 /tmp/ccbVfOE8.ltrans5.ltrans.o
                                        0x634 (size before relaxing)
 .debug_str     0x0000000000003765      0x570 /tmp/ccbVfOE8.ltrans6.ltrans.o
                                        0xa71 (size before relaxing)
 .debug_str     0x0000000000003cd5      0x531 .build/obj_draculad_sadekbaroudi/quantum/split_common/transport.a(transport.o)
                                        0x61c (size before relaxing)
 .debug_str     0x0000000000004206      0x211 .build/obj_draculad_sadekbaroudi/serial.a(serial.o)
                                        0x47d (size before relaxing)

.debug_loc      0x0000000000000000     0x7aeb
 *(.debug_loc)
 .debug_loc     0x0000000000000000      0xeb9 /tmp/ccbVfOE8.ltrans0.ltrans.o
 .debug_loc     0x0000000000000eb9     0x241b /tmp/ccbVfOE8.ltrans1.ltrans.o
 .debug_loc     0x00000000000032d4      0xd29 /tmp/ccbVfOE8.ltrans2.ltrans.o
 .debug_loc     0x0000000000003ffd      0xc1d /tmp/ccbVfOE8.ltrans3.ltrans.o
 .debug_loc     0x0000000000004c1a     0x1075 /tmp/ccbVfOE8.ltrans4.ltrans.o
 .debug_loc     0x0000000000005c8f      0xa9f /tmp/ccbVfOE8.ltrans5.ltrans.o
 .debug_loc     0x000000000000672e      0x821 /tmp/ccbVfOE8.ltrans6.ltrans.o
 .debug_loc     0x0000000000006f4f      0x158 .build/obj_draculad_sadekbaroudi/quantum/split_common/transport.a(transport.o)
 .debug_loc     0x00000000000070a7      0xa44 .build/obj_draculad_sadekbaroudi/serial.a(serial.o)

.debug_macinfo
 *(.debug_macinfo)

.debug_weaknames
 *(.debug_weaknames)

.debug_funcnames
 *(.debug_funcnames)

.debug_typenames
 *(.debug_typenames)

.debug_varnames
 *(.debug_varnames)

.debug_pubtypes
 *(.debug_pubtypes)

.debug_ranges   0x0000000000000000      0xf60
 *(.debug_ranges)
 .debug_ranges  0x0000000000000000      0x2c0 /tmp/ccbVfOE8.ltrans0.ltrans.o
 .debug_ranges  0x00000000000002c0      0x388 /tmp/ccbVfOE8.ltrans1.ltrans.o
 .debug_ranges  0x0000000000000648      0x238 /tmp/ccbVfOE8.ltrans2.ltrans.o
 .debug_ranges  0x0000000000000880      0x2c8 /tmp/ccbVfOE8.ltrans3.ltrans.o
 .debug_ranges  0x0000000000000b48      0x190 /tmp/ccbVfOE8.ltrans4.ltrans.o
 .debug_ranges  0x0000000000000cd8       0xc0 /tmp/ccbVfOE8.ltrans5.ltrans.o
 .debug_ranges  0x0000000000000d98      0x130 /tmp/ccbVfOE8.ltrans6.ltrans.o
 .debug_ranges  0x0000000000000ec8       0x38 .build/obj_draculad_sadekbaroudi/quantum/split_common/transport.a(transport.o)
 .debug_ranges  0x0000000000000f00       0x60 .build/obj_draculad_sadekbaroudi/serial.a(serial.o)

.debug_macro
 *(.debug_macro)
OUTPUT(.build/draculad_sadekbaroudi.elf elf32-avr)
LOAD linker stubs

Cross Reference Table

Symbol                                            File
CALLBACK_HIDParser_FilterHIDReportItem            .build/obj_draculad_sadekbaroudi/lib/lufa/LUFA/Drivers/USB/Class/Common/HIDParser.o (symbol from plugin)
CALLBACK_USB_GetDescriptor                        .build/obj_draculad_sadekbaroudi/lufa.o (symbol from plugin)
                                                  .build/obj_draculad_sadekbaroudi/lib/lufa/LUFA/Drivers/USB/Core/DeviceStandardReq.o (symbol from plugin)
CIE1931_CURVE                                     .build/obj_draculad_sadekbaroudi/quantum/led_tables.o (symbol from plugin)
                                                  .build/obj_draculad_sadekbaroudi/quantum/color.o (symbol from plugin)
CSWTCH.1.lto_priv.74                              /tmp/ccbVfOE8.ltrans5.ltrans.o
                                                  /tmp/ccbVfOE8.ltrans1.ltrans.o
CSWTCH.3.lto_priv.73                              /tmp/ccbVfOE8.ltrans5.ltrans.o
                                                  /tmp/ccbVfOE8.ltrans1.ltrans.o
ConfigurationDescriptor                           .build/obj_draculad_sadekbaroudi/usb_descriptor.o (symbol from plugin)
DeviceDescriptor                                  .build/obj_draculad_sadekbaroudi/usb_descriptor.o (symbol from plugin)
EVENT_USB_Device_ConfigurationChanged             .build/obj_draculad_sadekbaroudi/lufa.o (symbol from plugin)
                                                  .build/obj_draculad_sadekbaroudi/lib/lufa/LUFA/Drivers/USB/Core/DeviceStandardReq.o (symbol from plugin)
EVENT_USB_Device_Connect                          .build/obj_draculad_sadekbaroudi/lufa.o (symbol from plugin)
                                                  .build/obj_draculad_sadekbaroudi/lib/lufa/LUFA/Drivers/USB/Core/AVR8/USBInterrupt_AVR8.o (symbol from plugin)
EVENT_USB_Device_ControlRequest                   .build/obj_draculad_sadekbaroudi/lufa.o (symbol from plugin)
                                                  .build/obj_draculad_sadekbaroudi/lib/lufa/LUFA/Drivers/USB/Core/DeviceStandardReq.o (symbol from plugin)
EVENT_USB_Device_Disconnect                       .build/obj_draculad_sadekbaroudi/lufa.o (symbol from plugin)
                                                  .build/obj_draculad_sadekbaroudi/lib/lufa/LUFA/Drivers/USB/Core/AVR8/USBInterrupt_AVR8.o (symbol from plugin)
EVENT_USB_Device_Reset                            .build/obj_draculad_sadekbaroudi/lufa.o (symbol from plugin)
                                                  .build/obj_draculad_sadekbaroudi/lib/lufa/LUFA/Drivers/USB/Core/AVR8/USBInterrupt_AVR8.o (symbol from plugin)
EVENT_USB_Device_StartOfFrame                     .build/obj_draculad_sadekbaroudi/lib/lufa/LUFA/Drivers/USB/Core/Events.o (symbol from plugin)
                                                  .build/obj_draculad_sadekbaroudi/lib/lufa/LUFA/Drivers/USB/Core/AVR8/USBInterrupt_AVR8.o (symbol from plugin)
EVENT_USB_Device_Suspend                          .build/obj_draculad_sadekbaroudi/lufa.o (symbol from plugin)
                                                  .build/obj_draculad_sadekbaroudi/lib/lufa/LUFA/Drivers/USB/Core/AVR8/USBInterrupt_AVR8.o (symbol from plugin)
EVENT_USB_Device_WakeUp                           .build/obj_draculad_sadekbaroudi/lufa.o (symbol from plugin)
                                                  .build/obj_draculad_sadekbaroudi/lib/lufa/LUFA/Drivers/USB/Core/AVR8/USBInterrupt_AVR8.o (symbol from plugin)
Endpoint_ClearEndpoints                           .build/obj_draculad_sadekbaroudi/lib/lufa/LUFA/Drivers/USB/Core/AVR8/Endpoint_AVR8.o (symbol from plugin)
Endpoint_ClearStatusStage                         /tmp/ccbVfOE8.ltrans3.ltrans.o
                                                  .build/obj_draculad_sadekbaroudi/lib/lufa/LUFA/Drivers/USB/Core/AVR8/Endpoint_AVR8.o (symbol from plugin)
                                                  /tmp/ccbVfOE8.ltrans4.ltrans.o
                                                  .build/obj_draculad_sadekbaroudi/lib/lufa/LUFA/Drivers/USB/Core/DeviceStandardReq.o (symbol from plugin)
                                                  .build/obj_draculad_sadekbaroudi/lufa.o (symbol from plugin)
Endpoint_ConfigureEndpointTable                   .build/obj_draculad_sadekbaroudi/lib/lufa/LUFA/Drivers/USB/Core/AVR8/Endpoint_AVR8.o (symbol from plugin)
Endpoint_ConfigureEndpoint_Prv                    /tmp/ccbVfOE8.ltrans3.ltrans.o
                                                  .build/obj_draculad_sadekbaroudi/lib/lufa/LUFA/Drivers/USB/Core/AVR8/Endpoint_AVR8.o (symbol from plugin)
                                                  /tmp/ccbVfOE8.ltrans4.ltrans.o
                                                  .build/obj_draculad_sadekbaroudi/lib/lufa/LUFA/Drivers/USB/Core/AVR8/USBInterrupt_AVR8.o (symbol from plugin)
                                                  .build/obj_draculad_sadekbaroudi/lib/lufa/LUFA/Drivers/USB/Core/AVR8/USBController_AVR8.o (symbol from plugin)
                                                  .build/obj_draculad_sadekbaroudi/lufa.o (symbol from plugin)
Endpoint_Discard_Stream                           .build/obj_draculad_sadekbaroudi/lib/lufa/LUFA/Drivers/USB/Core/AVR8/EndpointStream_AVR8.o (symbol from plugin)
Endpoint_Null_Stream                              .build/obj_draculad_sadekbaroudi/lib/lufa/LUFA/Drivers/USB/Core/AVR8/EndpointStream_AVR8.o (symbol from plugin)
Endpoint_Read_Control_EStream_BE                  .build/obj_draculad_sadekbaroudi/lib/lufa/LUFA/Drivers/USB/Core/AVR8/EndpointStream_AVR8.o (symbol from plugin)
Endpoint_Read_Control_EStream_LE                  .build/obj_draculad_sadekbaroudi/lib/lufa/LUFA/Drivers/USB/Core/AVR8/EndpointStream_AVR8.o (symbol from plugin)
Endpoint_Read_Control_Stream_BE                   .build/obj_draculad_sadekbaroudi/lib/lufa/LUFA/Drivers/USB/Core/AVR8/EndpointStream_AVR8.o (symbol from plugin)
Endpoint_Read_Control_Stream_LE                   .build/obj_draculad_sadekbaroudi/lib/lufa/LUFA/Drivers/USB/Core/AVR8/EndpointStream_AVR8.o (symbol from plugin)
Endpoint_Read_EStream_BE                          .build/obj_draculad_sadekbaroudi/lib/lufa/LUFA/Drivers/USB/Core/AVR8/EndpointStream_AVR8.o (symbol from plugin)
Endpoint_Read_EStream_LE                          .build/obj_draculad_sadekbaroudi/lib/lufa/LUFA/Drivers/USB/Core/AVR8/EndpointStream_AVR8.o (symbol from plugin)
Endpoint_Read_Stream_BE                           .build/obj_draculad_sadekbaroudi/lib/lufa/LUFA/Drivers/USB/Core/AVR8/EndpointStream_AVR8.o (symbol from plugin)
Endpoint_Read_Stream_LE                           .build/obj_draculad_sadekbaroudi/lib/lufa/LUFA/Drivers/USB/Core/AVR8/EndpointStream_AVR8.o (symbol from plugin)
Endpoint_WaitUntilReady                           /tmp/ccbVfOE8.ltrans3.ltrans.o
                                                  .build/obj_draculad_sadekbaroudi/lib/lufa/LUFA/Drivers/USB/Core/AVR8/Endpoint_AVR8.o (symbol from plugin)
                                                  /tmp/ccbVfOE8.ltrans4.ltrans.o
                                                  .build/obj_draculad_sadekbaroudi/lib/lufa/LUFA/Drivers/USB/Core/AVR8/EndpointStream_AVR8.o (symbol from plugin)
Endpoint_Write_Control_EStream_BE                 .build/obj_draculad_sadekbaroudi/lib/lufa/LUFA/Drivers/USB/Core/AVR8/EndpointStream_AVR8.o (symbol from plugin)
Endpoint_Write_Control_EStream_LE                 .build/obj_draculad_sadekbaroudi/lib/lufa/LUFA/Drivers/USB/Core/AVR8/EndpointStream_AVR8.o (symbol from plugin)
Endpoint_Write_Control_PStream_BE                 .build/obj_draculad_sadekbaroudi/lib/lufa/LUFA/Drivers/USB/Core/AVR8/EndpointStream_AVR8.o (symbol from plugin)
Endpoint_Write_Control_PStream_LE                 .build/obj_draculad_sadekbaroudi/lib/lufa/LUFA/Drivers/USB/Core/AVR8/EndpointStream_AVR8.o (symbol from plugin)
                                                  .build/obj_draculad_sadekbaroudi/lib/lufa/LUFA/Drivers/USB/Core/DeviceStandardReq.o (symbol from plugin)
Endpoint_Write_Control_Stream_BE                  .build/obj_draculad_sadekbaroudi/lib/lufa/LUFA/Drivers/USB/Core/AVR8/EndpointStream_AVR8.o (symbol from plugin)
Endpoint_Write_Control_Stream_LE                  /tmp/ccbVfOE8.ltrans3.ltrans.o
                                                  .build/obj_draculad_sadekbaroudi/lib/lufa/LUFA/Drivers/USB/Core/AVR8/EndpointStream_AVR8.o (symbol from plugin)
                                                  /tmp/ccbVfOE8.ltrans4.ltrans.o
                                                  .build/obj_draculad_sadekbaroudi/lib/lufa/LUFA/Drivers/USB/Core/DeviceStandardReq.o (symbol from plugin)
                                                  .build/obj_draculad_sadekbaroudi/lufa.o (symbol from plugin)
Endpoint_Write_EStream_BE                         .build/obj_draculad_sadekbaroudi/lib/lufa/LUFA/Drivers/USB/Core/AVR8/EndpointStream_AVR8.o (symbol from plugin)
Endpoint_Write_EStream_LE                         .build/obj_draculad_sadekbaroudi/lib/lufa/LUFA/Drivers/USB/Core/AVR8/EndpointStream_AVR8.o (symbol from plugin)
Endpoint_Write_PStream_BE                         .build/obj_draculad_sadekbaroudi/lib/lufa/LUFA/Drivers/USB/Core/AVR8/EndpointStream_AVR8.o (symbol from plugin)
Endpoint_Write_PStream_LE                         .build/obj_draculad_sadekbaroudi/lib/lufa/LUFA/Drivers/USB/Core/AVR8/EndpointStream_AVR8.o (symbol from plugin)
Endpoint_Write_Stream_BE                          .build/obj_draculad_sadekbaroudi/lib/lufa/LUFA/Drivers/USB/Core/AVR8/EndpointStream_AVR8.o (symbol from plugin)
Endpoint_Write_Stream_LE                          .build/obj_draculad_sadekbaroudi/lib/lufa/LUFA/Drivers/USB/Core/AVR8/EndpointStream_AVR8.o (symbol from plugin)
                                                  .build/obj_draculad_sadekbaroudi/lufa.o (symbol from plugin)
Endpoint_Write_Stream_LE.constprop.0              /tmp/ccbVfOE8.ltrans4.ltrans.o
                                                  /tmp/ccbVfOE8.ltrans3.ltrans.o
KeyboardReport                                    .build/obj_draculad_sadekbaroudi/usb_descriptor.o (symbol from plugin)
LanguageString                                    .build/obj_draculad_sadekbaroudi/usb_descriptor.o (symbol from plugin)
ManufacturerString                                .build/obj_draculad_sadekbaroudi/usb_descriptor.o (symbol from plugin)
ProductString                                     .build/obj_draculad_sadekbaroudi/usb_descriptor.o (symbol from plugin)
RGBLED_BREATHING_INTERVALS                        .build/obj_draculad_sadekbaroudi/quantum/rgblight.o (symbol from plugin)
RGBLED_GRADIENT_RANGES                            .build/obj_draculad_sadekbaroudi/quantum/rgblight.o (symbol from plugin)
RGBLED_RAINBOW_MOOD_INTERVALS                     .build/obj_draculad_sadekbaroudi/quantum/rgblight.o (symbol from plugin)
RGBLED_RAINBOW_SWIRL_INTERVALS                    .build/obj_draculad_sadekbaroudi/quantum/rgblight.o (symbol from plugin)
RGBLED_TWINKLE_INTERVALS                          .build/obj_draculad_sadekbaroudi/quantum/rgblight.o (symbol from plugin)
SharedReport                                      .build/obj_draculad_sadekbaroudi/usb_descriptor.o (symbol from plugin)
USB_ControlRequest                                /tmp/ccbVfOE8.ltrans4.ltrans.o
                                                  .build/obj_draculad_sadekbaroudi/lib/lufa/LUFA/Drivers/USB/Core/USBTask.o (symbol from plugin)
                                                  /tmp/ccbVfOE8.ltrans3.ltrans.o
                                                  .build/obj_draculad_sadekbaroudi/lib/lufa/LUFA/Drivers/USB/Core/DeviceStandardReq.o (symbol from plugin)
                                                  .build/obj_draculad_sadekbaroudi/lib/lufa/LUFA/Drivers/USB/Core/AVR8/Endpoint_AVR8.o (symbol from plugin)
                                                  .build/obj_draculad_sadekbaroudi/lib/lufa/LUFA/Drivers/USB/Core/AVR8/EndpointStream_AVR8.o (symbol from plugin)
                                                  .build/obj_draculad_sadekbaroudi/lufa.o (symbol from plugin)
USB_DeviceState                                   /tmp/ccbVfOE8.ltrans4.ltrans.o
                                                  .build/obj_draculad_sadekbaroudi/lib/lufa/LUFA/Drivers/USB/Core/USBTask.o (symbol from plugin)
                                                  /tmp/ccbVfOE8.ltrans3.ltrans.o
                                                  /tmp/ccbVfOE8.ltrans1.ltrans.o
                                                  .build/obj_draculad_sadekbaroudi/protocol/lufa/usb_util.o (symbol from plugin)
                                                  .build/obj_draculad_sadekbaroudi/lib/lufa/LUFA/Drivers/USB/Core/DeviceStandardReq.o (symbol from plugin)
                                                  .build/obj_draculad_sadekbaroudi/lib/lufa/LUFA/Drivers/USB/Core/AVR8/USBInterrupt_AVR8.o (symbol from plugin)
                                                  .build/obj_draculad_sadekbaroudi/lib/lufa/LUFA/Drivers/USB/Core/AVR8/USBController_AVR8.o (symbol from plugin)
                                                  .build/obj_draculad_sadekbaroudi/lib/lufa/LUFA/Drivers/USB/Core/AVR8/Endpoint_AVR8.o (symbol from plugin)
                                                  .build/obj_draculad_sadekbaroudi/lib/lufa/LUFA/Drivers/USB/Core/AVR8/EndpointStream_AVR8.o (symbol from plugin)
                                                  .build/obj_draculad_sadekbaroudi/lufa.o (symbol from plugin)
                                                  .build/obj_draculad_sadekbaroudi/common/avr/suspend.o (symbol from plugin)
USB_Device_ConfigurationNumber                    .build/obj_draculad_sadekbaroudi/lib/lufa/LUFA/Drivers/USB/Core/DeviceStandardReq.o (symbol from plugin)
                                                  .build/obj_draculad_sadekbaroudi/lib/lufa/LUFA/Drivers/USB/Core/AVR8/USBInterrupt_AVR8.o (symbol from plugin)
                                                  .build/obj_draculad_sadekbaroudi/lib/lufa/LUFA/Drivers/USB/Core/AVR8/USBController_AVR8.o (symbol from plugin)
USB_Device_CurrentlySelfPowered                   .build/obj_draculad_sadekbaroudi/lib/lufa/LUFA/Drivers/USB/Core/DeviceStandardReq.o (symbol from plugin)
                                                  .build/obj_draculad_sadekbaroudi/lib/lufa/LUFA/Drivers/USB/Core/AVR8/USBController_AVR8.o (symbol from plugin)
USB_Device_ProcessControlRequest                  /tmp/ccbVfOE8.ltrans4.ltrans.o
                                                  .build/obj_draculad_sadekbaroudi/lib/lufa/LUFA/Drivers/USB/Core/DeviceStandardReq.o (symbol from plugin)
                                                  /tmp/ccbVfOE8.ltrans3.ltrans.o
                                                  .build/obj_draculad_sadekbaroudi/lib/lufa/LUFA/Drivers/USB/Core/USBTask.o (symbol from plugin)
                                                  .build/obj_draculad_sadekbaroudi/lib/lufa/LUFA/Drivers/USB/Core/AVR8/USBInterrupt_AVR8.o (symbol from plugin)
USB_Device_RemoteWakeupEnabled                    /tmp/ccbVfOE8.ltrans4.ltrans.o
                                                  .build/obj_draculad_sadekbaroudi/lib/lufa/LUFA/Drivers/USB/Core/DeviceStandardReq.o (symbol from plugin)
                                                  /tmp/ccbVfOE8.ltrans3.ltrans.o
                                                  .build/obj_draculad_sadekbaroudi/lib/lufa/LUFA/Drivers/USB/Core/AVR8/USBController_AVR8.o (symbol from plugin)
                                                  .build/obj_draculad_sadekbaroudi/lufa.o (symbol from plugin)
USB_Device_SendRemoteWakeup                       .build/obj_draculad_sadekbaroudi/lib/lufa/LUFA/Drivers/USB/Core/AVR8/Device_AVR8.o (symbol from plugin)
                                                  .build/obj_draculad_sadekbaroudi/lufa.o (symbol from plugin)
USB_Disable                                       /tmp/ccbVfOE8.ltrans4.ltrans.o
                                                  .build/obj_draculad_sadekbaroudi/lib/lufa/LUFA/Drivers/USB/Core/AVR8/USBController_AVR8.o (symbol from plugin)
                                                  /tmp/ccbVfOE8.ltrans3.ltrans.o
                                                  /tmp/ccbVfOE8.ltrans1.ltrans.o
                                                  .build/obj_draculad_sadekbaroudi/protocol/lufa/usb_util.o (symbol from plugin)
                                                  .build/obj_draculad_sadekbaroudi/lufa.o (symbol from plugin)
USB_Event_Stub                                    .build/obj_draculad_sadekbaroudi/lib/lufa/LUFA/Drivers/USB/Core/Events.o (symbol from plugin)
USB_Event_Stub_2                                  .build/obj_draculad_sadekbaroudi/lib/lufa/LUFA/Drivers/USB/Core/Events.o (symbol from plugin)
USB_Event_Stub_3                                  .build/obj_draculad_sadekbaroudi/lib/lufa/LUFA/Drivers/USB/Core/Events.o (symbol from plugin)
USB_GetHIDReportItemInfo                          .build/obj_draculad_sadekbaroudi/lib/lufa/LUFA/Drivers/USB/Class/Common/HIDParser.o (symbol from plugin)
USB_GetHIDReportSize                              .build/obj_draculad_sadekbaroudi/lib/lufa/LUFA/Drivers/USB/Class/Common/HIDParser.o (symbol from plugin)
USB_GetNextDescriptorComp                         .build/obj_draculad_sadekbaroudi/lib/lufa/LUFA/Drivers/USB/Core/ConfigDescriptors.o (symbol from plugin)
USB_GetNextDescriptorOfType                       .build/obj_draculad_sadekbaroudi/lib/lufa/LUFA/Drivers/USB/Core/ConfigDescriptors.o (symbol from plugin)
USB_GetNextDescriptorOfTypeAfter                  .build/obj_draculad_sadekbaroudi/lib/lufa/LUFA/Drivers/USB/Core/ConfigDescriptors.o (symbol from plugin)
USB_GetNextDescriptorOfTypeBefore                 .build/obj_draculad_sadekbaroudi/lib/lufa/LUFA/Drivers/USB/Core/ConfigDescriptors.o (symbol from plugin)
USB_INT_ClearAllInterrupts                        .build/obj_draculad_sadekbaroudi/lib/lufa/LUFA/Drivers/USB/Core/AVR8/USBInterrupt_AVR8.o (symbol from plugin)
                                                  .build/obj_draculad_sadekbaroudi/lib/lufa/LUFA/Drivers/USB/Core/AVR8/USBController_AVR8.o (symbol from plugin)
USB_INT_DisableAllInterrupts                      .build/obj_draculad_sadekbaroudi/lib/lufa/LUFA/Drivers/USB/Core/AVR8/USBInterrupt_AVR8.o (symbol from plugin)
                                                  .build/obj_draculad_sadekbaroudi/lib/lufa/LUFA/Drivers/USB/Core/AVR8/USBController_AVR8.o (symbol from plugin)
USB_Init                                          /tmp/ccbVfOE8.ltrans4.ltrans.o
                                                  .build/obj_draculad_sadekbaroudi/lib/lufa/LUFA/Drivers/USB/Core/AVR8/USBController_AVR8.o (symbol from plugin)
                                                  /tmp/ccbVfOE8.ltrans3.ltrans.o
                                                  .build/obj_draculad_sadekbaroudi/lufa.o (symbol from plugin)
USB_IsInitialized                                 .build/obj_draculad_sadekbaroudi/lib/lufa/LUFA/Drivers/USB/Core/USBTask.o (symbol from plugin)
                                                  .build/obj_draculad_sadekbaroudi/lib/lufa/LUFA/Drivers/USB/Core/AVR8/USBController_AVR8.o (symbol from plugin)
                                                  .build/obj_draculad_sadekbaroudi/lufa.o (symbol from plugin)
USB_ProcessHIDReport                              .build/obj_draculad_sadekbaroudi/lib/lufa/LUFA/Drivers/USB/Class/Common/HIDParser.o (symbol from plugin)
USB_ResetInterface                                .build/obj_draculad_sadekbaroudi/lib/lufa/LUFA/Drivers/USB/Core/AVR8/USBController_AVR8.o (symbol from plugin)
USB_SetHIDReportItemInfo                          .build/obj_draculad_sadekbaroudi/lib/lufa/LUFA/Drivers/USB/Class/Common/HIDParser.o (symbol from plugin)
USB_USBTask                                       .build/obj_draculad_sadekbaroudi/lib/lufa/LUFA/Drivers/USB/Core/USBTask.o (symbol from plugin)
                                                  .build/obj_draculad_sadekbaroudi/lufa.o (symbol from plugin)
__FUSE_REGION_LENGTH__                            /usr/lib/gcc/avr/5.4.0/../../../avr/lib/avr5/crtatmega32u4.o